<html>
<body>
<pre>
<h1>µVision Build Log</h1>
<h2>Tool Versions:</h2>
IDE-Version: ¦ÌVision V5.36.0.0
Copyright (C) 2021 ARM Ltd and ARM Germany GmbH. All rights reserved.
License Information: e Administrator, q, LIC=03C6R-KBYMU-RAKDM-XM1WL-2WWZ7-BA2R4
 
Tool Versions:
Toolchain:       MDK-ARM Plus  Version: 5.36.0.0
Toolchain Path:  C:\Keil_v5\ARM\ARMCC\Bin
C Compiler:      Armcc.exe V5.06 update 7 (build 960)
Assembler:       Armasm.exe V5.06 update 7 (build 960)
Linker/Locator:  ArmLink.exe V5.06 update 7 (build 960)
Library Manager: ArmAr.exe V5.06 update 7 (build 960)
Hex Converter:   FromElf.exe V5.06 update 7 (build 960)
CPU DLL:         SARMCM3.DLL V5.36.0.0
Dialog DLL:      DCM.DLL V1.17.3.0
Target DLL:      CMSIS_AGDI.dll V1.33.0.0
Dialog DLL:      TCM.DLL V1.53.0.0
 
<h2>Project:</h2>
C:\Users\Administrator.DESKTOP-D0RTR3F\Desktop\aa\ble_app_uarts\project\mdk5\ble_app_uarts.uvprojx
Project File Date:  11/28/2021

<h2>Output:</h2>
*** Using Compiler 'V5.06 update 7 (build 960)', folder: 'C:\Keil_v5\ARM\ARMCC\Bin'
Build target 'IK-52832DK'
compiling main.c...
..\..\app\main.c(340): warning:  #177-D: variable "uarts_init"  was declared but never referenced
  	  ble_uarts_init_t     uarts_init;
..\..\app\main.c(701): warning:  #167-D: argument of type "char *" is incompatible with parameter of type "uint8_t *"
  			ble_voltage_data_send(&m_voltage,buf,&len,m_conn_handle);
..\..\app\main.c(102): warning:  #177-D: variable "m_diff_timer_id"  was declared but never referenced
  APP_TIMER_DEF(m_diff_timer_id);
..\..\app\main.c(112): warning:  #177-D: variable "diff_adc_buf"  was declared but never referenced
  static nrf_saadc_value_t diff_adc_buf[2];
..\..\app\main.c(295): warning:  #177-D: function "uarts_data_handler"  was declared but never referenced
  static void uarts_data_handler(ble_uarts_evt_t * p_evt)
..\..\app\main.c: 5 warnings, 0 errors
linking...
Program Size: Code=36976 RO-data=3788 RW-data=376 ZI-data=13064  
FromELF: creating hex file...
".\Objects\nrf52832_qfaa.axf" - 0 Error(s), 5 Warning(s).

<h2>Software Packages used:</h2>

Package Vendor: ARM
                http://www.keil.com/pack/ARM.CMSIS.4.5.0.pack
                ARM.CMSIS.4.5.0
                CMSIS (Cortex Microcontroller Software Interface Standard)
   * Component: CORE Version: 4.3.0

Package Vendor: NordicSemiconductor
                http://developer.nordicsemi.com/nRF5_SDK/pieces/nRF_DeviceFamilyPack/NordicSemiconductor.nRF_DeviceFamilyPack.8.27.1.pack
                NordicSemiconductor.nRF_DeviceFamilyPack.8.27.1
                Nordic Semiconductor nRF ARM devices Device Family Pack with BSD license.
   * Component: Startup Version: 8.27.1

<h2>Collection of Component include folders:</h2>
  .\RTE\_IK-52832DK
  C:\Users\Administrator.DESKTOP-D0RTR3F\AppData\Local\Arm\Packs\ARM\CMSIS\4.5.0\CMSIS\Include
  C:\Users\Administrator.DESKTOP-D0RTR3F\AppData\Local\Arm\Packs\NordicSemiconductor\nRF_DeviceFamilyPack\8.27.1\Device\Include

<h2>Collection of Component Files used:</h2>

   * Component: ARM::CMSIS:CORE:4.3.0

   * Component: NordicSemiconductor::Device:Startup:8.27.1
      Source file:   Device\Source\system_nrf52.c
      Include file:  Device\Include\system_nrf52.h
      Include file:  Device\Include\system_nrf.h
      Source file:   Device\Source\arm\arm_startup_nrf52.s
Build Time Elapsed:  00:00:04
</pre>
</body>
</html>
