Component: ARM Compiler 5.06 update 7 (build 960) Tool: armlink [4d3601]

==============================================================================

Section Cross References

    main.o(i.adc_configure) refers to nrfx_saadc.o(i.nrfx_saadc_init) for nrfx_saadc_init
    main.o(i.adc_configure) refers to app_error.o(i.app_error_handler_bare) for app_error_handler_bare
    main.o(i.adc_configure) refers to nrfx_saadc.o(i.nrfx_saadc_channel_init) for nrfx_saadc_channel_init
    main.o(i.adc_configure) refers to nrfx_saadc.o(i.nrfx_saadc_buffer_convert) for nrfx_saadc_buffer_convert
    main.o(i.adc_configure) refers to main.o(i.saadc_event_handler) for saadc_event_handler
    main.o(i.adc_configure) refers to main.o(.constdata) for default_config
    main.o(i.adc_configure) refers to main.o(.data) for adc_buf
    main.o(i.adv_updata) refers to memseta.o(.text) for __aeabi_memclr4
    main.o(i.adv_updata) refers to ble_advertising.o(i.ble_advertising_advdata_update) for ble_advertising_advdata_update
    main.o(i.adv_updata) refers to app_error.o(i.app_error_handler_bare) for app_error_handler_bare
    main.o(i.adv_updata) refers to main.o(.bss) for service_data
    main.o(i.adv_updata) refers to main.o(.data) for m_adv_uuids
    main.o(i.adv_updata_timeout_handler) refers to nrfx_saadc.o(i.nrfx_saadc_sample) for nrfx_saadc_sample
    main.o(i.adv_updata_timeout_handler) refers to app_error.o(i.app_error_handler_bare) for app_error_handler_bare
    main.o(i.advertising_init) refers to main.o(i.temperature_data_get) for temperature_data_get
    main.o(i.advertising_init) refers to memseta.o(.text) for __aeabi_memclr4
    main.o(i.advertising_init) refers to ble_advertising.o(i.ble_advertising_init) for ble_advertising_init
    main.o(i.advertising_init) refers to app_error.o(i.app_error_handler_bare) for app_error_handler_bare
    main.o(i.advertising_init) refers to ble_advertising.o(i.ble_advertising_conn_cfg_tag_set) for ble_advertising_conn_cfg_tag_set
    main.o(i.advertising_init) refers to main.o(.bss) for service_data
    main.o(i.advertising_init) refers to main.o(.data) for battery_level
    main.o(i.advertising_init) refers to main.o(i.on_adv_evt) for on_adv_evt
    main.o(i.advertising_start) refers to ble_advertising.o(i.ble_advertising_start) for ble_advertising_start
    main.o(i.advertising_start) refers to app_error.o(i.app_error_handler_bare) for app_error_handler_bare
    main.o(i.advertising_start) refers to main.o(.bss) for m_advertising
    main.o(i.application_timers_start) refers to app_timer2.o(i.app_timer_start) for app_timer_start
    main.o(i.application_timers_start) refers to app_error.o(i.app_error_handler_bare) for app_error_handler_bare
    main.o(i.application_timers_start) refers to main.o(.constdata) for m_battery_timer_id
    main.o(i.ble_evt_handler) refers to nrf_log_frontend.o(i.nrf_log_frontend_std_0) for nrf_log_frontend_std_0
    main.o(i.ble_evt_handler) refers to main.o(i.uart_reconfig) for uart_reconfig
    main.o(i.ble_evt_handler) refers to app_timer2.o(i.app_timer_start) for app_timer_start
    main.o(i.ble_evt_handler) refers to app_error.o(i.app_error_handler_bare) for app_error_handler_bare
    main.o(i.ble_evt_handler) refers to bsp.o(i.bsp_indication_set) for bsp_indication_set
    main.o(i.ble_evt_handler) refers to nrf_ble_qwr.o(i.nrf_ble_qwr_conn_handle_assign) for nrf_ble_qwr_conn_handle_assign
    main.o(i.ble_evt_handler) refers to main.o(.data) for m_conn_handle
    main.o(i.ble_evt_handler) refers to nrf_log_frontend.o(log_const_data) for m_nrf_log_app_logs_data_const
    main.o(i.ble_evt_handler) refers to main.o(.constdata) for m_battery_timer_id
    main.o(i.ble_evt_handler) refers to main.o(.bss) for m_qwr
    main.o(i.ble_stack_init) refers to nrf_sdh.o(i.nrf_sdh_enable_request) for nrf_sdh_enable_request
    main.o(i.ble_stack_init) refers to app_error.o(i.app_error_handler_bare) for app_error_handler_bare
    main.o(i.ble_stack_init) refers to nrf_sdh_ble.o(i.nrf_sdh_ble_default_cfg_set) for nrf_sdh_ble_default_cfg_set
    main.o(i.ble_stack_init) refers to nrf_sdh_ble.o(i.nrf_sdh_ble_enable) for nrf_sdh_ble_enable
    main.o(i.button_config) refers to app_button.o(i.app_button_init) for app_button_init
    main.o(i.button_config) refers to app_button.o(i.app_button_enable) for app_button_enable
    main.o(i.button_config) refers to app_error.o(i.app_error_handler_bare) for app_error_handler_bare
    main.o(i.button_config) refers to main.o(.data) for buttons
    main.o(i.button_event_handler) refers to printf6.o(i.__0sprintf$6) for __2sprintf
    main.o(i.button_event_handler) refers to my_ble_buttons.o(i.ble_buttons_data_send) for ble_buttons_data_send
    main.o(i.button_event_handler) refers to main.o(i.nrf_gpio_pin_toggle) for nrf_gpio_pin_toggle
    main.o(i.button_event_handler) refers to main.o(.data) for m_conn_handle
[...]
    bsp_board_init                           0x00028961   Thumb Code    26  boards.o(i.bsp_board_init)
    bsp_board_led_invert                     0x0002897d   Thumb Code    44  boards.o(i.bsp_board_led_invert)
    bsp_board_led_off                        0x000289ad   Thumb Code    16  boards.o(i.bsp_board_led_off)
    bsp_board_led_on                         0x000289c1   Thumb Code    16  boards.o(i.bsp_board_led_on)
    bsp_board_led_state_get                  0x000289d5   Thumb Code    44  boards.o(i.bsp_board_led_state_get)
    bsp_board_leds_off                       0x00028a35   Thumb Code    20  boards.o(i.bsp_board_leds_off)
    bsp_board_leds_on                        0x00028a49   Thumb Code    20  boards.o(i.bsp_board_leds_on)
    bsp_board_pin_to_button_idx              0x00028a5d   Thumb Code    32  boards.o(i.bsp_board_pin_to_button_idx)
    bsp_event_to_button_action_assign        0x00028b45   Thumb Code    86  bsp.o(i.bsp_event_to_button_action_assign)
    bsp_indication_set                       0x00028ba1   Thumb Code    28  bsp.o(i.bsp_indication_set)
    bsp_init                                 0x00028bc1   Thumb Code   136  bsp.o(i.bsp_init)
    buffer_is_empty                          0x00029105   Thumb Code    20  nrf_log_frontend.o(i.buffer_is_empty)
    button_config                            0x0002911d   Thumb Code    38  main.o(i.button_config)
    button_event_handler                     0x00029149   Thumb Code    58  main.o(i.button_event_handler)
    characteristic_add                       0x000292b5   Thumb Code   456  ble_srv_common.o(i.characteristic_add)
    conn_handle_list_get                     0x00029523   Thumb Code    60  ble_conn_state.o(i.conn_handle_list_get)
    drv_rtc_compare_disable                  0x00029841   Thumb Code    22  drv_rtc.o(i.drv_rtc_compare_disable)
    drv_rtc_compare_pending                  0x00029857   Thumb Code    26  drv_rtc.o(i.drv_rtc_compare_pending)
    drv_rtc_compare_set                      0x00029871   Thumb Code    92  drv_rtc.o(i.drv_rtc_compare_set)
    drv_rtc_counter_get                      0x000298cd   Thumb Code    12  drv_rtc.o(i.drv_rtc_counter_get)
    drv_rtc_init                             0x000298d9   Thumb Code   204  drv_rtc.o(i.drv_rtc_init)
    drv_rtc_irq_trigger                      0x000299f5   Thumb Code    28  drv_rtc.o(i.drv_rtc_irq_trigger)
    drv_rtc_overflow_enable                  0x00029a15   Thumb Code    18  drv_rtc.o(i.drv_rtc_overflow_enable)
    drv_rtc_overflow_pending                 0x00029a27   Thumb Code    16  drv_rtc.o(i.drv_rtc_overflow_pending)
    drv_rtc_start                            0x00029a37   Thumb Code    14  drv_rtc.o(i.drv_rtc_start)
    drv_rtc_stop                             0x00029a45   Thumb Code    14  drv_rtc.o(i.drv_rtc_stop)
    drv_rtc_windowed_compare_set             0x00029a53   Thumb Code   260  drv_rtc.o(i.drv_rtc_windowed_compare_set)
    evt_handle                               0x00029e41   Thumb Code   234  app_button.o(i.evt_handle)
    gatt_evt_handler                         0x0002a09d   Thumb Code    62  main.o(i.gatt_evt_handler)
    main                                     0x0002a6a9   Thumb Code    84  main.o(i.main)
    nrf_atfifo_init                          0x0002a965   Thumb Code    40  nrf_atfifo.o(i.nrf_atfifo_init)
    nrf_atfifo_item_alloc                    0x0002a98d   Thumb Code    28  nrf_atfifo.o(i.nrf_atfifo_item_alloc)
    nrf_atfifo_item_free                     0x0002a9a9   Thumb Code    28  nrf_atfifo.o(i.nrf_atfifo_item_free)
    nrf_atfifo_item_get                      0x0002a9c5   Thumb Code    28  nrf_atfifo.o(i.nrf_atfifo_item_get)
    nrf_atfifo_item_put                      0x0002a9e1   Thumb Code    28  nrf_atfifo.o(i.nrf_atfifo_item_put)
    nrf_atflags_clear                        0x0002a9fd   Thumb Code    30  nrf_atflags.o(i.nrf_atflags_clear)
    nrf_atflags_get                          0x0002aa1b   Thumb Code    30  nrf_atflags.o(i.nrf_atflags_get)
    nrf_atflags_set                          0x0002aa39   Thumb Code    30  nrf_atflags.o(i.nrf_atflags_set)
    nrf_atomic_flag_clear_fetch              0x0002aa57   Thumb Code    14  nrf_atomic.o(i.nrf_atomic_flag_clear_fetch)
    nrf_atomic_flag_set                      0x0002aa65   Thumb Code    14  nrf_atomic.o(i.nrf_atomic_flag_set)
    nrf_atomic_u32_add                       0x0002aa73   Thumb Code    22  nrf_atomic.o(i.nrf_atomic_u32_add)
    nrf_atomic_u32_and                       0x0002aa89   Thumb Code    22  nrf_atomic.o(i.nrf_atomic_u32_and)
    nrf_atomic_u32_fetch_and                 0x0002aa9f   Thumb Code    22  nrf_atomic.o(i.nrf_atomic_u32_fetch_and)
    nrf_atomic_u32_fetch_store               0x0002aab5   Thumb Code    22  nrf_atomic.o(i.nrf_atomic_u32_fetch_store)
    nrf_atomic_u32_or                        0x0002aacb   Thumb Code    22  nrf_atomic.o(i.nrf_atomic_u32_or)
    nrf_atomic_u32_sub                       0x0002aae1   Thumb Code    22  nrf_atomic.o(i.nrf_atomic_u32_sub)
    nrf_balloc_alloc                         0x0002aaf7   Thumb Code    82  nrf_balloc.o(i.nrf_balloc_alloc)
    nrf_balloc_free                          0x0002ab59   Thumb Code    48  nrf_balloc.o(i.nrf_balloc_free)
    nrf_balloc_init                          0x0002ab95   Thumb Code    60  nrf_balloc.o(i.nrf_balloc_init)
    nrf_ble_gatt_att_mtu_periph_set          0x0002abfd   Thumb Code    30  nrf_ble_gatt.o(i.nrf_ble_gatt_att_mtu_periph_set)
    nrf_ble_gatt_init                        0x0002ac1b   Thumb Code    52  nrf_ble_gatt.o(i.nrf_ble_gatt_init)
    nrf_ble_gatt_on_ble_evt                  0x0002ac51   Thumb Code   202  nrf_ble_gatt.o(i.nrf_ble_gatt_on_ble_evt)
    nrf_ble_qwr_conn_handle_assign           0x0002ad59   Thumb Code    32  nrf_ble_qwr.o(i.nrf_ble_qwr_conn_handle_assign)
    nrf_ble_qwr_init                         0x0002ad79   Thumb Code    50  nrf_ble_qwr.o(i.nrf_ble_qwr_init)
    nrf_ble_qwr_on_ble_evt                   0x0002adab   Thumb Code   124  nrf_ble_qwr.o(i.nrf_ble_qwr_on_ble_evt)
    nrf_drv_clock_init                       0x0002ae61   Thumb Code    54  nrf_drv_clock.o(i.nrf_drv_clock_init)
    nrf_drv_clock_lfclk_release              0x0002aea1   Thumb Code    42  nrf_drv_clock.o(i.nrf_drv_clock_lfclk_release)
    nrf_drv_uart_init                        0x0002aed1   Thumb Code   118  nrf_drv_uart.o(i.nrf_drv_uart_init)
    nrf_fprintf                              0x0002afe5   Thumb Code    42  nrf_fprintf.o(i.nrf_fprintf)
    nrf_fprintf_buffer_flush                 0x0002b00f   Thumb Code    28  nrf_fprintf.o(i.nrf_fprintf_buffer_flush)
    nrf_fprintf_fmt                          0x0002b02b   Thumb Code   496  nrf_fprintf_format.o(i.nrf_fprintf_fmt)
    nrf_log_backend_add                      0x0002b495   Thumb Code    78  nrf_log_frontend.o(i.nrf_log_backend_add)
    nrf_log_backend_rtt_init                 0x0002b4eb   Thumb Code     8  nrf_log_backend_rtt.o(i.nrf_log_backend_rtt_init)
    nrf_log_backend_serial_put               0x0002b515   Thumb Code   242  nrf_log_backend_serial.o(i.nrf_log_backend_serial_put)
    nrf_log_color_id_get                     0x0002b609   Thumb Code    52  nrf_log_frontend.o(i.nrf_log_color_id_get)
    nrf_log_default_backends_init            0x0002b641   Thumb Code    34  nrf_log_default_backends.o(i.nrf_log_default_backends_init)
    nrf_log_frontend_dequeue                 0x0002b669   Thumb Code   756  nrf_log_frontend.o(i.nrf_log_frontend_dequeue)
    nrf_log_frontend_std_0                   0x0002b981   Thumb Code    20  nrf_log_frontend.o(i.nrf_log_frontend_std_0)
    nrf_log_frontend_std_1                   0x0002b995   Thumb Code    24  nrf_log_frontend.o(i.nrf_log_frontend_std_1)
    nrf_log_frontend_std_2                   0x0002b9ad   Thumb Code    32  nrf_log_frontend.o(i.nrf_log_frontend_std_2)
    nrf_log_hexdump_entry_process            0x0002b9cd   Thumb Code   164  nrf_log_str_formatter.o(i.nrf_log_hexdump_entry_process)
    nrf_log_init                             0x0002ba89   Thumb Code    68  nrf_log_frontend.o(i.nrf_log_init)
    nrf_log_module_cnt_get                   0x0002bae1   Thumb Code    10  nrf_log_frontend.o(i.nrf_log_module_cnt_get)
    nrf_log_module_name_get                  0x0002baf5   Thumb Code    30  nrf_log_frontend.o(i.nrf_log_module_name_get)
    nrf_log_panic                            0x0002bb19   Thumb Code    50  nrf_log_frontend.o(i.nrf_log_panic)
    nrf_log_std_entry_process                0x0002bb51   Thumb Code   200  nrf_log_str_formatter.o(i.nrf_log_std_entry_process)
    nrf_memobj_alloc                         0x0002bc19   Thumb Code   122  nrf_memobj.o(i.nrf_memobj_alloc)
    nrf_memobj_free                          0x0002bc93   Thumb Code    64  nrf_memobj.o(i.nrf_memobj_free)
    nrf_memobj_get                           0x0002bcd3   Thumb Code    16  nrf_memobj.o(i.nrf_memobj_get)
    nrf_memobj_pool_init                     0x0002bce3   Thumb Code    12  nrf_memobj.o(i.nrf_memobj_pool_init)
    nrf_memobj_put                           0x0002bcef   Thumb Code    30  nrf_memobj.o(i.nrf_memobj_put)
    nrf_memobj_read                          0x0002bd0d   Thumb Code    34  nrf_memobj.o(i.nrf_memobj_read)
    nrf_memobj_write                         0x0002bd2f   Thumb Code    34  nrf_memobj.o(i.nrf_memobj_write)
    nrf_pwr_mgmt_init                        0x0002bd51   Thumb Code    46  nrf_pwr_mgmt.o(i.nrf_pwr_mgmt_init)
    nrf_pwr_mgmt_run                         0x0002bd91   Thumb Code   100  nrf_pwr_mgmt.o(i.nrf_pwr_mgmt_run)
    nrf_ringbuf_init                         0x0002be09   Thumb Code    28  nrf_ringbuf.o(i.nrf_ringbuf_init)
    nrf_sdh_ble_app_ram_start_get            0x0002bedd   Thumb Code    18  nrf_sdh_ble.o(i.nrf_sdh_ble_app_ram_start_get)
    nrf_sdh_ble_default_cfg_set              0x0002bef5   Thumb Code   382  nrf_sdh_ble.o(i.nrf_sdh_ble_default_cfg_set)
    nrf_sdh_ble_enable                       0x0002c095   Thumb Code   144  nrf_sdh_ble.o(i.nrf_sdh_ble_enable)
    nrf_sdh_enable_request                   0x0002c255   Thumb Code   112  nrf_sdh.o(i.nrf_sdh_enable_request)
    nrf_sdh_evts_poll                        0x0002c2d9   Thumb Code    44  nrf_sdh.o(i.nrf_sdh_evts_poll)
    nrf_sdh_is_enabled                       0x0002c309   Thumb Code     6  nrf_sdh.o(i.nrf_sdh_is_enabled)
    nrf_section_iter_init                    0x0002c36f   Thumb Code    20  nrf_section_iter.o(i.nrf_section_iter_init)
    nrf_section_iter_next                    0x0002c3b1   Thumb Code    46  nrf_section_iter.o(i.nrf_section_iter_next)
    nrf_sortlist_add                         0x0002c3df   Thumb Code    40  nrf_sortlist.o(i.nrf_sortlist_add)
    nrf_sortlist_peek                        0x0002c407   Thumb Code     8  nrf_sortlist.o(i.nrf_sortlist_peek)
    nrf_sortlist_pop                         0x0002c40f   Thumb Code    24  nrf_sortlist.o(i.nrf_sortlist_pop)
    nrf_sortlist_remove                      0x0002c427   Thumb Code    38  nrf_sortlist.o(i.nrf_sortlist_remove)
    nrf_strerror_find                        0x0002c44d   Thumb Code    60  nrf_strerror.o(i.nrf_strerror_find)
    nrf_strerror_get                         0x0002c48d   Thumb Code    22  nrf_strerror.o(i.nrf_strerror_get)
    nrfx_clock_enable                        0x0002c57d   Thumb Code    16  nrfx_clock.o(i.nrfx_clock_enable)
    nrfx_clock_init                          0x0002c591   Thumb Code    30  nrfx_clock.o(i.nrfx_clock_init)
    nrfx_clock_lfclk_stop                    0x0002c5b5   Thumb Code    26  nrfx_clock.o(i.nrfx_clock_lfclk_stop)
    nrfx_gpiote_in_event_enable              0x0002c605   Thumb Code   164  nrfx_gpiote.o(i.nrfx_gpiote_in_event_enable)
    nrfx_gpiote_in_init                      0x0002c6b1   Thumb Code   232  nrfx_gpiote.o(i.nrfx_gpiote_in_init)
    nrfx_gpiote_in_is_set                    0x0002c7a5   Thumb Code    20  nrfx_gpiote.o(i.nrfx_gpiote_in_is_set)
    nrfx_gpiote_init                         0x0002c7b9   Thumb Code   160  nrfx_gpiote.o(i.nrfx_gpiote_init)
    nrfx_gpiote_is_init                      0x0002c865   Thumb Code    16  nrfx_gpiote.o(i.nrfx_gpiote_is_init)
    nrfx_prs_acquire                         0x0002c931   Thumb Code    78  nrfx_prs.o(i.nrfx_prs_acquire)
    nrfx_prs_release                         0x0002c97f   Thumb Code    22  nrfx_prs.o(i.nrfx_prs_release)
    nrfx_saadc_buffer_convert                0x0002c995   Thumb Code   186  nrfx_saadc.o(i.nrfx_saadc_buffer_convert)
    nrfx_saadc_channel_init                  0x0002ca55   Thumb Code   208  nrfx_saadc.o(i.nrfx_saadc_channel_init)
    nrfx_saadc_init                          0x0002cb2d   Thumb Code   216  nrfx_saadc.o(i.nrfx_saadc_init)
    nrfx_saadc_sample                        0x0002cc15   Thumb Code    42  nrfx_saadc.o(i.nrfx_saadc_sample)
    nrfx_uart_0_irq_handler                  0x0002cc45   Thumb Code    12  nrfx_uart.o(i.nrfx_uart_0_irq_handler)
    nrfx_uart_init                           0x0002cc59   Thumb Code   128  nrfx_uart.o(i.nrfx_uart_init)
    nrfx_uart_rx                             0x0002cce1   Thumb Code   286  nrfx_uart.o(i.nrfx_uart_rx)
    nrfx_uart_tx                             0x0002ce05   Thumb Code   134  nrfx_uart.o(i.nrfx_uart_tx)
    nrfx_uart_tx_in_progress                 0x0002ce91   Thumb Code    30  nrfx_uart.o(i.nrfx_uart_tx_in_progress)
    nrfx_uart_uninit                         0x0002ceb5   Thumb Code    62  nrfx_uart.o(i.nrfx_uart_uninit)
    nrfx_uarte_0_irq_handler                 0x0002cef9   Thumb Code    12  nrfx_uarte.o(i.nrfx_uarte_0_irq_handler)
    nrfx_uarte_init                          0x0002cf0d   Thumb Code   120  nrfx_uarte.o(i.nrfx_uarte_init)
    nrfx_uarte_rx                            0x0002cf8d   Thumb Code   306  nrfx_uarte.o(i.nrfx_uarte_rx)
    nrfx_uarte_tx                            0x0002d0c5   Thumb Code   188  nrfx_uarte.o(i.nrfx_uarte_tx)
    nrfx_uarte_tx_in_progress                0x0002d185   Thumb Code    26  nrfx_uarte.o(i.nrfx_uarte_tx_in_progress)
    nrfx_uarte_uninit                        0x0002d1a5   Thumb Code   108  nrfx_uarte.o(i.nrfx_uarte_uninit)
    saadc_event_handler                      0x0002df81   Thumb Code   192  main.o(i.saadc_event_handler)
    temperature_data_get                     0x0002e7bd   Thumb Code    52  main.o(i.temperature_data_get)
    uart_config                              0x0002ea75   Thumb Code    74  main.o(i.uart_config)
    uart_event_handle                        0x0002ead1   Thumb Code   182  main.o(i.uart_event_handle)
    nrf_log_backend_rtt_api                  0x0002f550   Data          12  nrf_log_backend_rtt.o(.constdata)
    m_ram_start                              0x0002f5f8   Data           4  nrf_sdh_ble.o(.constdata)
    __ctype_table                            0x0002f618   Data         129  ctype_o.o(.constdata)
    Region$$Table$$Base                      0x0002fe10   Number         0  anon$$obj.o(Region$$Table)
    Region$$Table$$Limit                     0x0002fe30   Number         0  anon$$obj.o(Region$$Table)
    log_const_data$$Base                     0x0002fe40   Number         0  nrf_ble_gatt.o(log_const_data)
    m_nrf_log_nrf_ble_gatt_logs_data_const   0x0002fe40   Data           8  nrf_ble_gatt.o(log_const_data)
    m_nrf_log_clock_logs_data_const          0x0002fe48   Data           8  nrf_drv_clock.o(log_const_data)
    m_nrf_log_CLOCK_logs_data_const          0x0002fe50   Data           8  nrfx_clock.o(log_const_data)
    m_nrf_log_GPIOTE_logs_data_const         0x0002fe58   Data           8  nrfx_gpiote.o(log_const_data)
    m_nrf_log_PRS_logs_data_const            0x0002fe60   Data           8  nrfx_prs.o(log_const_data)
    m_nrf_log_UART_logs_data_const           0x0002fe68   Data           8  nrfx_uart.o(log_const_data)
    m_nrf_log_UARTE_logs_data_const          0x0002fe70   Data           8  nrfx_uarte.o(log_const_data)
    m_nrf_log_SAADC_logs_data_const          0x0002fe78   Data           8  nrfx_saadc.o(log_const_data)
    m_nrf_log_app_button_logs_data_const     0x0002fe80   Data           8  app_button.o(log_const_data)
    m_nrf_log_app_timer_logs_data_const      0x0002fe88   Data           8  app_timer2.o(log_const_data)
    m_nrf_log_pwr_mgmt_logs_data_const       0x0002fe90   Data           8  nrf_pwr_mgmt.o(log_const_data)
    m_nrf_log_sortlist_logs_data_const       0x0002fe98   Data           8  nrf_sortlist.o(log_const_data)
    m_nrf_log_app_logs_data_const            0x0002fea0   Data           8  nrf_log_frontend.o(log_const_data)
    m_nrf_log_nrf_sdh_logs_data_const        0x0002fea8   Data           8  nrf_sdh.o(log_const_data)
    m_nrf_log_nrf_sdh_ble_logs_data_const    0x0002feb0   Data           8  nrf_sdh_ble.o(log_const_data)
    m_nrf_log_nrf_sdh_soc_logs_data_const    0x0002feb8   Data           8  nrf_sdh_soc.o(log_const_data)
    log_const_data$$Limit                    0x0002fec0   Number         0  nrf_sdh_soc.o(log_const_data)
    log_mempool                              0x0002fec0   Data          20  nrf_log_frontend.o(nrf_balloc)
    sdh_ble_observers0$$Base                 0x0002fed4   Number         0  ble_conn_state.o(sdh_ble_observers0)
    sdh_ble_observers0$$Limit                0x0002fedc   Number         0  ble_conn_state.o(sdh_ble_observers0)
    sdh_ble_observers1$$Base                 0x0002fedc   Number         0  main.o(sdh_ble_observers1)
    sdh_ble_observers1$$Limit                0x0002fef4   Number         0  ble_conn_params.o(sdh_ble_observers1)
    sdh_ble_observers2$$Base                 0x0002fef4   Number         0  main.o(sdh_ble_observers2)
    sdh_ble_observers2$$Limit                0x0002ff14   Number         0  main.o(sdh_ble_observers2)
    sdh_ble_observers3$$Base                 0x0002ff14   Number         0  main.o(sdh_ble_observers3)
    sdh_ble_observers3$$Limit                0x0002ff1c   Number         0  main.o(sdh_ble_observers3)
    sdh_soc_observers0$$Base                 0x0002ff1c   Number         0  nrf_drv_clock.o(sdh_soc_observers0)
    sdh_soc_observers0$$Limit                0x0002ff24   Number         0  nrf_drv_clock.o(sdh_soc_observers0)
    sdh_stack_observers0$$Base               0x0002ff24   Number         0  nrf_sdh_ble.o(sdh_stack_observers0)
    sdh_stack_observers0$$Limit              0x0002ff34   Number         0  nrf_sdh_soc.o(sdh_stack_observers0)
    sdh_state_observers0$$Base               0x0002ff34   Number         0  nrf_drv_clock.o(sdh_state_observers0)
    sdh_state_observers0$$Limit              0x0002ff3c   Number         0  nrf_drv_clock.o(sdh_state_observers0)
    Image$$RW_IRAM1$$Base                    0x20002ad8   Number         0  anon$$obj.o ABSOLUTE
    nrf_drv_uart_use_easy_dma                0x20002b68   Data           1  nrf_drv_uart.o(.data)
    SystemCoreClock                          0x20002c4c   Data           4  system_nrf52.o(.data)
    service_data                             0x20003100   Data          24  main.o(.bss)
    nrf_nvic_state                           0x20003670   Data          12  app_util_platform.o(.bss)
    _SEGGER_RTT                              0x20003ccc   Data         120  segger_rtt.o(.bss)
    __initial_sp                             0x20005f58   Data           0  arm_startup_nrf52.o(STACK)



==============================================================================

Memory Map of the image

  Image Entry point : 0x00026201

  Load Region LR_IROM1 (Base: 0x00026000, Size: 0x0000a0b4, Max: 0x0005a000, ABSOLUTE, COMPRESSED[0x00009fac])

    Execution Region ER_IROM1 (Exec base: 0x00026000, Load base: 0x00026000, Size: 0x00009f3c, Max: 0x0005a000, ABSOLUTE)

    Exec Addr    Load Addr    Size         Type   Attr      Idx    E Section Name        Object

    0x00026000   0x00026000   0x00000200   Data   RO         6056    RESET               arm_startup_nrf52.o
    0x00026200   0x00026200   0x00000000   Code   RO         6152  * .ARM.Collect$$$$00000000  mc_w.l(entry.o)
    0x00026200   0x00026200   0x00000004   Code   RO         6467    .ARM.Collect$$$$00000001  mc_w.l(entry2.o)
    0x00026204   0x00026204   0x00000004   Code   RO         6470    .ARM.Collect$$$$00000004  mc_w.l(entry5.o)
    0x00026208   0x00026208   0x00000000   Code   RO         6472    .ARM.Collect$$$$00000008  mc_w.l(entry7b.o)
    0x00026208   0x00026208   0x00000000   Code   RO         6474    .ARM.Collect$$$$0000000A  mc_w.l(entry8b.o)
    0x00026208   0x00026208   0x00000008   Code   RO         6475    .ARM.Collect$$$$0000000B  mc_w.l(entry9a.o)
    0x00026210   0x00026210   0x00000004   Code   RO         6482    .ARM.Collect$$$$0000000E  mc_w.l(entry12b.o)
    0x00026214   0x00026214   0x00000000   Code   RO         6477    .ARM.Collect$$$$0000000F  mc_w.l(entry10a.o)
    0x00026214   0x00026214   0x00000000   Code   RO         6479    .ARM.Collect$$$$00000011  mc_w.l(entry11a.o)
    0x00026214   0x00026214   0x00000004   Code   RO         6468    .ARM.Collect$$$$00002712  mc_w.l(entry2.o)
    0x00026218   0x00026218   0x000000c8   Code   RO         4341    .emb_text           nrf_atfifo.o
    0x000262e0   0x000262e0   0x000000e2   Code   RO         4414    .emb_text           nrf_atomic.o
    0x000263c2   0x000263c2   0x00000002   PAD
    0x000263c4   0x000263c4   0x00000024   Code   RO         6057    .text               arm_startup_nrf52.o
    0x000263e8   0x000263e8   0x00000062   Code   RO         6160    .text               mc_w.l(uldiv.o)
    0x0002644a   0x0002644a   0x0000001e   Code   RO         6162    .text               mc_w.l(llshl.o)
    0x00026468   0x00026468   0x00000008   Code   RO         6164    .text               mc_w.l(ctype_o.o)
    0x00026470   0x00026470   0x00000024   Code   RO         6192    .text               mc_w.l(memcpya.o)
    0x00026494   0x00026494   0x00000024   Code   RO         6194    .text               mc_w.l(memseta.o)
    0x000264b8   0x000264b8   0x0000000e   Code   RO         6196    .text               mc_w.l(strlen.o)
    0x000264c6   0x000264c6   0x00000012   Code   RO         6202    .text               mc_w.l(strcpy.o)
    0x000264d8   0x000264d8   0x0000002c   Code   RO         6484    .text               mc_w.l(uidiv.o)
    0x00026504   0x00026504   0x00000020   Code   RO         6486    .text               mc_w.l(llushr.o)
    0x00026524   0x00026524   0x00000024   Code   RO         6500    .text               mc_w.l(init.o)
    0x00026548   0x00026548   0x00000056   Code   RO         6514    .text               mc_w.l(__dczerorl2.o)
    0x0002659e   0x0002659e   0x00000002   PAD
    0x000265a0   0x000265a0   0x0000021c   Code   RO         2216    i.GPIOTE_IRQHandler  nrfx_gpiote.o
    0x000267bc   0x000267bc   0x00000054   Code   RO         2048    i.POWER_CLOCK_IRQHandler  nrfx_clock.o
    0x00026810   0x00026810   0x00000018   Code   RO         4115    i.RTC1_IRQHandler   drv_rtc.o
    0x00026828   0x00026828   0x000001cc   Code   RO         3200    i.SAADC_IRQHandler  nrfx_saadc.o
    0x000269f4   0x000269f4   0x00000008   Code   RO         5489    i.SEGGER_RTT_Init   segger_rtt.o
    0x000269fc   0x000269fc   0x00000084   Code   RO         5503    i.SEGGER_RTT_WriteNoLock  segger_rtt.o
    0x00026a80   0x00026a80   0x00000008   Code   RO         5838    i.SWI2_EGU2_IRQHandler  nrf_sdh.o
    0x00026a88   0x00026a88   0x00000010   Code   RO         6064    i.SystemCoreClockUpdate  system_nrf52.o
    0x00026a98   0x00026a98   0x00000298   Code   RO         6065    i.SystemInit        system_nrf52.o
    0x00026d30   0x00026d30   0x00000010   Code   RO         2537    i.UARTE0_UART0_IRQHandler  nrfx_prs.o
    0x00026d40   0x00026d40   0x00000070   Code   RO         5507    i._DoInit           segger_rtt.o
    0x00026db0   0x00026db0   0x0000001c   Code   RO         5508    i._GetAvailWriteSpace  segger_rtt.o
    0x00026dcc   0x00026dcc   0x00000072   Code   RO         5510    i._WriteBlocking    segger_rtt.o
    0x00026e3e   0x00026e3e   0x0000004c   Code   RO         5511    i._WriteNoCheck     segger_rtt.o
    0x00026e8a   0x00026e8a   0x00000002   PAD
    0x00026e8c   0x00026e8c   0x00000028   Code   RO         6363    i.__0sprintf$6      mc_w.l(printf6.o)
    0x00026eb4   0x00026eb4   0x0000000e   Code   RO         6508    i.__scatterload_copy  mc_w.l(handlers.o)
    0x00026ec2   0x00026ec2   0x00000002   Code   RO         6509    i.__scatterload_null  mc_w.l(handlers.o)
    0x00026ec4   0x00026ec4   0x0000000e   Code   RO         6510    i.__scatterload_zeroinit  mc_w.l(handlers.o)
    0x00026ed2   0x00026ed2   0x00000002   PAD
    0x00026ed4   0x00026ed4   0x00000038   Code   RO         5839    i.__sd_nvic_app_accessible_irq  nrf_sdh.o
    0x00026f0c   0x00026f0c   0x0000000c   Code   RO         3572    i.__sd_nvic_irq_disable  app_util_platform.o
    0x00026f18   0x00026f18   0x000002f0   Code   RO         6368    i._printf_core      mc_w.l(printf6.o)
    0x00027208   0x00027208   0x00000024   Code   RO         6369    i._printf_post_padding  mc_w.l(printf6.o)
    0x0002722c   0x0002722c   0x0000002e   Code   RO         6370    i._printf_pre_padding  mc_w.l(printf6.o)
    0x0002725a   0x0002725a   0x0000000a   Code   RO         6372    i._sputc            mc_w.l(printf6.o)
    0x00027264   0x00027264   0x00000098   Code   RO            4    i.adc_configure     main.o
    0x000272fc   0x000272fc   0x00000018   Code   RO         1071    i.addr_is_valid     ble_advertising.o
    0x00027314   0x00027314   0x00000058   Code   RO         1072    i.adv_mode_next_avail_get  ble_advertising.o
    0x0002736c   0x0002736c   0x00000012   Code   RO         1073    i.adv_mode_next_get  ble_advertising.o
    0x0002737e   0x0002737e   0x00000012   Code   RO         1074    i.adv_set_data_size_max_get  ble_advertising.o
    0x00027390   0x00027390   0x0000008c   Code   RO            5    i.adv_updata        main.o
    0x0002741c   0x0002741c   0x0000001e   Code   RO            6    i.adv_updata_timeout_handler  main.o
    0x0002743a   0x0002743a   0x00000002   PAD
    0x0002743c   0x0002743c   0x000000ac   Code   RO            7    i.advertising_init  main.o
    0x000274e8   0x000274e8   0x00000024   Code   RO            8    i.advertising_start  main.o
    0x0002750c   0x0002750c   0x0000000c   Code   RO          678    i.alert_timer_handler  bsp.o
    0x00027518   0x00027518   0x0000002c   Code   RO         3361    i.app_button_enable  app_button.o
    0x00027544   0x00027544   0x000000b0   Code   RO         3362    i.app_button_init   app_button.o
    0x000275f4   0x000275f4   0x000000c0   Code   RO         3529    i.app_error_fault_handler  app_error_weak.o
    0x000276b4   0x000276b4   0x0000001c   Code   RO         3469    i.app_error_handler_bare  app_error.o
    0x000276d0   0x000276d0   0x0000001e   Code   RO         3711    i.app_fifo_get      app_fifo.o
    0x000276ee   0x000276ee   0x00000024   Code   RO         3712    i.app_fifo_init     app_fifo.o
    0x00027712   0x00027712   0x00000022   Code   RO         3714    i.app_fifo_put      app_fifo.o
    0x00027734   0x00027734   0x00000010   Code   RO         3850    i.app_timer_cnt_get  app_timer2.o
    0x00027744   0x00027744   0x00000020   Code   RO         3851    i.app_timer_create  app_timer2.o
    0x00027764   0x00027764   0x0000006c   Code   RO         3852    i.app_timer_init    app_timer2.o
    0x000277d0   0x000277d0   0x00000036   Code   RO         3855    i.app_timer_start   app_timer2.o
    0x00027806   0x00027806   0x00000014   Code   RO         3856    i.app_timer_stop    app_timer2.o
    0x0002781a   0x0002781a   0x00000002   PAD
    0x0002781c   0x0002781c   0x00000034   Code   RO         4009    i.app_uart_close    app_uart_fifo.o
    0x00027850   0x00027850   0x00000054   Code   RO         4011    i.app_uart_get      app_uart_fifo.o
    0x000278a4   0x000278a4   0x000000dc   Code   RO         4012    i.app_uart_init     app_uart_fifo.o
    0x00027980   0x00027980   0x0000000c   Code   RO         3573    i.app_util_critical_region_enter  app_util_platform.o
    0x0002798c   0x0002798c   0x00000048   Code   RO         3574    i.app_util_critical_region_exit  app_util_platform.o
    0x000279d4   0x000279d4   0x00000052   Code   RO          849    i.appearance_encode  ble_advdata.o
    0x00027a26   0x00027a26   0x00000002   PAD
    0x00027a28   0x00027a28   0x0000002c   Code   RO            9    i.application_timers_start  main.o
    0x00027a54   0x00027a54   0x0000007c   Code   RO         2591    i.apply_config      nrfx_uart.o
    0x00027ad0   0x00027ad0   0x0000007c   Code   RO         2836    i.apply_config      nrfx_uarte.o
    0x00027b4c   0x00027b4c   0x0000003c   Code   RO         5203    i.backend_id_assign  nrf_log_frontend.o
    0x00027b88   0x00027b88   0x0000009c   Code   RO           10    i.battery_level_in_percent  main.o
    0x00027c24   0x00027c24   0x0000006c   Code   RO         1674    i.blcm_link_ctx_get  ble_link_ctx_manager.o
    0x00027c90   0x00027c90   0x0000016c   Code   RO          851    i.ble_advdata_encode  ble_advdata.o
    0x00027dfc   0x00027dfc   0x00000028   Code   RO          853    i.ble_advdata_parse  ble_advdata.o
    0x00027e24   0x00027e24   0x0000004e   Code   RO          854    i.ble_advdata_search  ble_advdata.o
    0x00027e72   0x00027e72   0x000000c6   Code   RO         1075    i.ble_advertising_advdata_update  ble_advertising.o
    0x00027f38   0x00027f38   0x00000006   Code   RO         1076    i.ble_advertising_conn_cfg_tag_set  ble_advertising.o
    0x00027f3e   0x00027f3e   0x00000108   Code   RO         1077    i.ble_advertising_init  ble_advertising.o
    0x00028046   0x00028046   0x0000003c   Code   RO         1079    i.ble_advertising_on_ble_evt  ble_advertising.o
    0x00028082   0x00028082   0x00000174   Code   RO         1082    i.ble_advertising_start  ble_advertising.o
    0x000281f6   0x000281f6   0x00000052   Code   RO         1750    i.ble_buttons_data_send  my_ble_buttons.o
    0x00028248   0x00028248   0x00000070   Code   RO         1752    i.ble_buttons_on_ble_evt  my_ble_buttons.o
    0x000282b8   0x000282b8   0x0000009c   Code   RO          977    i.ble_conn_params_init  ble_conn_params.o
    0x00028354   0x00028354   0x00000014   Code   RO         1235    i.ble_conn_state_conn_idx  ble_conn_state.o
    0x00028368   0x00028368   0x0000001c   Code   RO         1249    i.ble_conn_state_valid  ble_conn_state.o
    0x00028384   0x00028384   0x00000076   Code   RO          857    i.ble_device_addr_encode  ble_advdata.o
    0x000283fa   0x000283fa   0x00000002   PAD
    0x000283fc   0x000283fc   0x000001b0   Code   RO           11    i.ble_evt_handler   main.o
    0x000285ac   0x000285ac   0x00000040   Code   RO          979    i.ble_evt_handler   ble_conn_params.o
    0x000285ec   0x000285ec   0x000000b8   Code   RO         1250    i.ble_evt_handler   ble_conn_state.o
    0x000286a4   0x000286a4   0x00000012   Code   RO         1427    i.ble_srv_is_notification_enabled  ble_srv_common.o
    0x000286b6   0x000286b6   0x00000056   Code   RO           12    i.ble_stack_init    main.o
    0x0002870c   0x0002870c   0x0000007a   Code   RO         1698    i.ble_uarts_data_send  my_ble_uarts.o
    0x00028786   0x00028786   0x00000044   Code   RO         1700    i.ble_uarts_on_ble_evt  my_ble_uarts.o
    0x000287ca   0x000287ca   0x00000052   Code   RO         1787    i.ble_voltage_data_send  my_ble_voltage.o
    0x0002881c   0x0002881c   0x00000098   Code   RO         1788    i.ble_voltage_init  my_ble_voltage.o
    0x000288b4   0x000288b4   0x00000080   Code   RO         1789    i.ble_voltage_on_ble_evt  my_ble_voltage.o
    0x00028934   0x00028934   0x0000002c   Code   RO          525    i.bsp_board_buttons_init  boards.o
    0x00028960   0x00028960   0x0000001a   Code   RO          526    i.bsp_board_init    boards.o
    0x0002897a   0x0002897a   0x00000002   PAD
    0x0002897c   0x0002897c   0x00000030   Code   RO          528    i.bsp_board_led_invert  boards.o
    0x000289ac   0x000289ac   0x00000014   Code   RO          529    i.bsp_board_led_off  boards.o
    0x000289c0   0x000289c0   0x00000014   Code   RO          530    i.bsp_board_led_on  boards.o
    0x000289d4   0x000289d4   0x00000030   Code   RO          531    i.bsp_board_led_state_get  boards.o
    0x00028a04   0x00028a04   0x00000030   Code   RO          532    i.bsp_board_leds_init  boards.o
    0x00028a34   0x00028a34   0x00000014   Code   RO          533    i.bsp_board_leds_off  boards.o
    0x00028a48   0x00028a48   0x00000014   Code   RO          534    i.bsp_board_leds_on  boards.o
    0x00028a5c   0x00028a5c   0x00000024   Code   RO          535    i.bsp_board_pin_to_button_idx  boards.o
    0x00028a80   0x00028a80   0x000000c4   Code   RO          679    i.bsp_button_event_handler  bsp.o
    0x00028b44   0x00028b44   0x0000005c   Code   RO          683    i.bsp_event_to_button_action_assign  bsp.o
    0x00028ba0   0x00028ba0   0x00000020   Code   RO          684    i.bsp_indication_set  bsp.o
    0x00028bc0   0x00028bc0   0x000000ac   Code   RO          685    i.bsp_init          bsp.o
    0x00028c6c   0x00028c6c   0x00000388   Code   RO          686    i.bsp_led_indication  bsp.o
    0x00028ff4   0x00028ff4   0x000000e4   Code   RO         5204    i.buf_prealloc      nrf_log_frontend.o
    0x000290d8   0x000290d8   0x0000002c   Code   RO         4705    i.buffer_add        nrf_fprintf_format.o
    0x00029104   0x00029104   0x00000018   Code   RO         5205    i.buffer_is_empty   nrf_log_frontend.o
    0x0002911c   0x0002911c   0x0000002c   Code   RO           13    i.button_config     main.o
    0x00029148   0x00029148   0x00000074   Code   RO           14    i.button_event_handler  main.o
    0x000291bc   0x000291bc   0x0000002c   Code   RO         3364    i.button_get        app_button.o
    0x000291e8   0x000291e8   0x0000000e   Code   RO          689    i.button_timer_handler  bsp.o
    0x000291f6   0x000291f6   0x00000002   PAD
    0x000291f8   0x000291f8   0x00000020   Code   RO         2217    i.channel_free      nrfx_gpiote.o
    0x00029218   0x00029218   0x00000010   Code   RO         2218    i.channel_handler_get  nrfx_gpiote.o
    0x00029228   0x00029228   0x00000080   Code   RO         2219    i.channel_port_alloc  nrfx_gpiote.o
    0x000292a8   0x000292a8   0x0000000c   Code   RO         2220    i.channel_port_get  nrfx_gpiote.o
    0x000292b4   0x000292b4   0x000001c8   Code   RO         1429    i.characteristic_add  ble_srv_common.o
    0x0002947c   0x0002947c   0x00000030   Code   RO         1830    i.clock_clk_started_notify  nrf_drv_clock.o
    0x000294ac   0x000294ac   0x00000028   Code   RO         1831    i.clock_irq_handler  nrf_drv_clock.o
    0x000294d4   0x000294d4   0x00000026   Code   RO         3858    i.compare_func      app_timer2.o
    0x000294fa   0x000294fa   0x00000028   Code   RO         1084    i.config_is_valid   ble_advertising.o
    0x00029522   0x00029522   0x0000003c   Code   RO         1251    i.conn_handle_list_get  ble_conn_state.o
    0x0002955e   0x0002955e   0x0000005a   Code   RO          858    i.conn_int_check    ble_advdata.o
    0x000295b8   0x000295b8   0x00000068   Code   RO          859    i.conn_int_encode   ble_advdata.o
    0x00029620   0x00029620   0x00000010   Code   RO           15    i.conn_params_error_handler  main.o
    0x00029630   0x00029630   0x0000005c   Code   RO           16    i.conn_params_init  main.o
    0x0002968c   0x0002968c   0x00000054   Code   RO          980    i.conn_params_negotiation  ble_conn_params.o
    0x000296e0   0x000296e0   0x000000e8   Code   RO         1496    i.data_length_update  nrf_ble_gatt.o
    0x000297c8   0x000297c8   0x00000060   Code   RO         3365    i.detection_delay_timeout_handler  app_button.o
    0x00029828   0x00029828   0x00000018   Code   RO         5206    i.dropped_sat16_get  nrf_log_frontend.o
    0x00029840   0x00029840   0x00000016   Code   RO         4116    i.drv_rtc_compare_disable  drv_rtc.o
    0x00029856   0x00029856   0x0000001a   Code   RO         4118    i.drv_rtc_compare_pending  drv_rtc.o
    0x00029870   0x00029870   0x0000005c   Code   RO         4119    i.drv_rtc_compare_set  drv_rtc.o
    0x000298cc   0x000298cc   0x0000000c   Code   RO         4120    i.drv_rtc_counter_get  drv_rtc.o
    0x000298d8   0x000298d8   0x0000011c   Code   RO         4121    i.drv_rtc_init      drv_rtc.o
    0x000299f4   0x000299f4   0x00000020   Code   RO         4122    i.drv_rtc_irq_trigger  drv_rtc.o
    0x00029a14   0x00029a14   0x00000012   Code   RO         4124    i.drv_rtc_overflow_enable  drv_rtc.o
    0x00029a26   0x00029a26   0x00000010   Code   RO         4125    i.drv_rtc_overflow_pending  drv_rtc.o
    0x00029a36   0x00029a36   0x0000000e   Code   RO         4126    i.drv_rtc_start     drv_rtc.o
    0x00029a44   0x00029a44   0x0000000e   Code   RO         4127    i.drv_rtc_stop      drv_rtc.o
    0x00029a52   0x00029a52   0x00000104   Code   RO         4132    i.drv_rtc_windowed_compare_set  drv_rtc.o
    0x00029b56   0x00029b56   0x00000002   PAD
    0x00029b58   0x00029b58   0x00000054   Code   RO         6066    i.errata_108        system_nrf52.o
    0x00029bac   0x00029bac   0x00000054   Code   RO         6067    i.errata_12         system_nrf52.o
    0x00029c00   0x00029c00   0x00000054   Code   RO         6068    i.errata_136        system_nrf52.o
    0x00029c54   0x00029c54   0x00000030   Code   RO         6069    i.errata_16         system_nrf52.o
    0x00029c84   0x00029c84   0x00000020   Code   RO         6070    i.errata_182        system_nrf52.o
    0x00029ca4   0x00029ca4   0x00000054   Code   RO         6071    i.errata_31         system_nrf52.o
    0x00029cf8   0x00029cf8   0x00000030   Code   RO         6072    i.errata_32         system_nrf52.o
    0x00029d28   0x00029d28   0x00000054   Code   RO         6073    i.errata_36         system_nrf52.o
    0x00029d7c   0x00029d7c   0x00000030   Code   RO         6074    i.errata_37         system_nrf52.o
    0x00029dac   0x00029dac   0x00000030   Code   RO         6075    i.errata_57         system_nrf52.o
    0x00029ddc   0x00029ddc   0x00000030   Code   RO         6076    i.errata_66         system_nrf52.o
    0x00029e0c   0x00029e0c   0x00000018   Code   RO         4133    i.evt_disable       drv_rtc.o
    0x00029e24   0x00029e24   0x0000001c   Code   RO         4134    i.evt_enable        drv_rtc.o
    0x00029e40   0x00029e40   0x000000f0   Code   RO         3366    i.evt_handle        app_button.o
    0x00029f30   0x00029f30   0x0000001c   Code   RO         4135    i.evt_pending       drv_rtc.o
    0x00029f4c   0x00029f4c   0x00000018   Code   RO         3717    i.fifo_get          app_fifo.o
    0x00029f64   0x00029f64   0x0000000a   Code   RO         3718    i.fifo_length       app_fifo.o
    0x00029f6e   0x00029f6e   0x0000000a   Code   RO         4014    i.fifo_length       app_uart_fifo.o
    0x00029f78   0x00029f78   0x00000012   Code   RO         3719    i.fifo_peek         app_fifo.o
    0x00029f8a   0x00029f8a   0x00000012   Code   RO         3720    i.fifo_put          app_fifo.o
    0x00029f9c   0x00029f9c   0x0000001e   Code   RO         1252    i.flag_toggle       ble_conn_state.o
    0x00029fba   0x00029fba   0x00000036   Code   RO          860    i.flags_encode      ble_advdata.o
    0x00029ff0   0x00029ff0   0x0000002c   Code   RO         1085    i.flags_set         ble_advertising.o
    0x0002a01c   0x0002a01c   0x00000080   Code   RO           17    i.gap_params_init   main.o
    0x0002a09c   0x0002a09c   0x0000006c   Code   RO           18    i.gatt_evt_handler  main.o
    0x0002a108   0x0002a108   0x00000044   Code   RO           19    i.gatt_init         main.o
    0x0002a14c   0x0002a14c   0x0000003c   Code   RO         3859    i.get_now           app_timer2.o
    0x0002a188   0x0002a188   0x00000048   Code   RO         3367    i.gpiote_event_handler  app_button.o
    0x0002a1d0   0x0002a1d0   0x0000000e   Code   RO           20    i.idle_state_handle  main.o
    0x0002a1de   0x0002a1de   0x00000002   PAD
    0x0002a1e0   0x0002a1e0   0x0000002c   Code   RO          981    i.instance_get      ble_conn_params.o
    0x0002a20c   0x0002a20c   0x000000be   Code   RO         4706    i.int_print         nrf_fprintf_format.o
    0x0002a2ca   0x0002a2ca   0x00000002   PAD
    0x0002a2cc   0x0002a2cc   0x00000034   Code   RO         2592    i.interrupts_disable  nrfx_uart.o
    0x0002a300   0x0002a300   0x00000034   Code   RO         2837    i.interrupts_disable  nrfx_uarte.o
    0x0002a334   0x0002a334   0x00000088   Code   RO         2593    i.interrupts_enable  nrfx_uart.o
    0x0002a3bc   0x0002a3bc   0x000000a8   Code   RO         2838    i.interrupts_enable  nrfx_uarte.o
    0x0002a464   0x0002a464   0x00000046   Code   RO         5208    i.invalid_packets_omit  nrf_log_frontend.o
    0x0002a4aa   0x0002a4aa   0x00000072   Code   RO          982    i.is_conn_params_ok  ble_conn_params.o
    0x0002a51c   0x0002a51c   0x0000000c   Code   RO         1834    i.item_dequeue      nrf_drv_clock.o
    0x0002a528   0x0002a528   0x00000020   Code   RO           21    i.leds_init         main.o
    0x0002a548   0x0002a548   0x00000028   Code   RO          690    i.leds_off          bsp.o
    0x0002a570   0x0002a570   0x00000020   Code   RO          691    i.leds_timer_handler  bsp.o
    0x0002a590   0x0002a590   0x00000014   Code   RO         1836    i.lfclk_stop        nrf_drv_clock.o
    0x0002a5a4   0x0002a5a4   0x00000016   Code   RO         1497    i.link_init         nrf_ble_gatt.o
    0x0002a5ba   0x0002a5ba   0x00000026   Code   RO           22    i.log_init          main.o
    0x0002a5e0   0x0002a5e0   0x000000c8   Code   RO         5209    i.log_skip          nrf_log_frontend.o
    0x0002a6a8   0x0002a6a8   0x0000007c   Code   RO           23    i.main              main.o
    0x0002a724   0x0002a724   0x00000076   Code   RO          861    i.manuf_specific_data_encode  ble_advdata.o
    0x0002a79a   0x0002a79a   0x000000ca   Code   RO         4750    i.memobj_op         nrf_memobj.o
    0x0002a864   0x0002a864   0x00000038   Code   RO         5210    i.module_idx_get    nrf_log_frontend.o
    0x0002a89c   0x0002a89c   0x000000c8   Code   RO          862    i.name_encode       ble_advdata.o
    0x0002a964   0x0002a964   0x00000028   Code   RO         4345    i.nrf_atfifo_init   nrf_atfifo.o
    0x0002a98c   0x0002a98c   0x0000001c   Code   RO         4346    i.nrf_atfifo_item_alloc  nrf_atfifo.o
    0x0002a9a8   0x0002a9a8   0x0000001c   Code   RO         4347    i.nrf_atfifo_item_free  nrf_atfifo.o
    0x0002a9c4   0x0002a9c4   0x0000001c   Code   RO         4348    i.nrf_atfifo_item_get  nrf_atfifo.o
    0x0002a9e0   0x0002a9e0   0x0000001c   Code   RO         4349    i.nrf_atfifo_item_put  nrf_atfifo.o
    0x0002a9fc   0x0002a9fc   0x0000001e   Code   RO         4553    i.nrf_atflags_clear  nrf_atflags.o
    0x0002aa1a   0x0002aa1a   0x0000001e   Code   RO         4558    i.nrf_atflags_get   nrf_atflags.o
    0x0002aa38   0x0002aa38   0x0000001e   Code   RO         4560    i.nrf_atflags_set   nrf_atflags.o
    0x0002aa56   0x0002aa56   0x0000000e   Code   RO         4416    i.nrf_atomic_flag_clear_fetch  nrf_atomic.o
    0x0002aa64   0x0002aa64   0x0000000e   Code   RO         4417    i.nrf_atomic_flag_set  nrf_atomic.o
    0x0002aa72   0x0002aa72   0x00000016   Code   RO         4419    i.nrf_atomic_u32_add  nrf_atomic.o
    0x0002aa88   0x0002aa88   0x00000016   Code   RO         4420    i.nrf_atomic_u32_and  nrf_atomic.o
    0x0002aa9e   0x0002aa9e   0x00000016   Code   RO         4423    i.nrf_atomic_u32_fetch_and  nrf_atomic.o
    0x0002aab4   0x0002aab4   0x00000016   Code   RO         4425    i.nrf_atomic_u32_fetch_store  nrf_atomic.o
    0x0002aaca   0x0002aaca   0x00000016   Code   RO         4429    i.nrf_atomic_u32_or  nrf_atomic.o
    0x0002aae0   0x0002aae0   0x00000016   Code   RO         4431    i.nrf_atomic_u32_sub  nrf_atomic.o
    0x0002aaf6   0x0002aaf6   0x00000052   Code   RO         4619    i.nrf_balloc_alloc  nrf_balloc.o
    0x0002ab48   0x0002ab48   0x00000010   Code   RO         4620    i.nrf_balloc_block2idx  nrf_balloc.o
    0x0002ab58   0x0002ab58   0x00000030   Code   RO         4621    i.nrf_balloc_free   nrf_balloc.o
    0x0002ab88   0x0002ab88   0x0000000c   Code   RO         4622    i.nrf_balloc_idx2block  nrf_balloc.o
    0x0002ab94   0x0002ab94   0x0000003c   Code   RO         4623    i.nrf_balloc_init   nrf_balloc.o
    0x0002abd0   0x0002abd0   0x00000016   Code   RO         2221    i.nrf_bitmask_bit_is_set  nrfx_gpiote.o
    0x0002abe6   0x0002abe6   0x00000016   Code   RO         2222    i.nrf_bitmask_bit_set  nrfx_gpiote.o
    0x0002abfc   0x0002abfc   0x0000001e   Code   RO         1499    i.nrf_ble_gatt_att_mtu_periph_set  nrf_ble_gatt.o
    0x0002ac1a   0x0002ac1a   0x00000034   Code   RO         1503    i.nrf_ble_gatt_init  nrf_ble_gatt.o
    0x0002ac4e   0x0002ac4e   0x00000002   PAD
    0x0002ac50   0x0002ac50   0x00000108   Code   RO         1504    i.nrf_ble_gatt_on_ble_evt  nrf_ble_gatt.o
    0x0002ad58   0x0002ad58   0x00000020   Code   RO         1618    i.nrf_ble_qwr_conn_handle_assign  nrf_ble_qwr.o
    0x0002ad78   0x0002ad78   0x00000032   Code   RO         1619    i.nrf_ble_qwr_init  nrf_ble_qwr.o
    0x0002adaa   0x0002adaa   0x0000007c   Code   RO         1620    i.nrf_ble_qwr_on_ble_evt  nrf_ble_qwr.o
    0x0002ae26   0x0002ae26   0x00000012   Code   RO         2049    i.nrf_clock_event_check  nrfx_clock.o
    0x0002ae38   0x0002ae38   0x00000012   Code   RO         2050    i.nrf_clock_event_clear  nrfx_clock.o
    0x0002ae4a   0x0002ae4a   0x00000002   PAD
    0x0002ae4c   0x0002ae4c   0x0000000c   Code   RO         2051    i.nrf_clock_int_disable  nrfx_clock.o
    0x0002ae58   0x0002ae58   0x00000008   Code   RO         2053    i.nrf_clock_task_trigger  nrfx_clock.o
    0x0002ae60   0x0002ae60   0x00000040   Code   RO         1842    i.nrf_drv_clock_init  nrf_drv_clock.o
    0x0002aea0   0x0002aea0   0x00000030   Code   RO         1846    i.nrf_drv_clock_lfclk_release  nrf_drv_clock.o
    0x0002aed0   0x0002aed0   0x0000008c   Code   RO         1996    i.nrf_drv_uart_init  nrf_drv_uart.o
    0x0002af5c   0x0002af5c   0x00000044   Code   RO         4015    i.nrf_drv_uart_rx   app_uart_fifo.o
    0x0002afa0   0x0002afa0   0x00000044   Code   RO         4016    i.nrf_drv_uart_tx   app_uart_fifo.o
    0x0002afe4   0x0002afe4   0x0000002a   Code   RO         4666    i.nrf_fprintf       nrf_fprintf.o
    0x0002b00e   0x0002b00e   0x0000001c   Code   RO         4667    i.nrf_fprintf_buffer_flush  nrf_fprintf.o
    0x0002b02a   0x0002b02a   0x000001f0   Code   RO         4707    i.nrf_fprintf_fmt   nrf_fprintf_format.o
    0x0002b21a   0x0002b21a   0x00000028   Code   RO          537    i.nrf_gpio_cfg      boards.o
    0x0002b242   0x0002b242   0x00000028   Code   RO         2223    i.nrf_gpio_cfg      nrfx_gpiote.o
    0x0002b26a   0x0002b26a   0x00000028   Code   RO         2594    i.nrf_gpio_cfg      nrfx_uart.o
    0x0002b292   0x0002b292   0x00000028   Code   RO         2839    i.nrf_gpio_cfg      nrfx_uarte.o
    0x0002b2ba   0x0002b2ba   0x00000018   Code   RO         2595    i.nrf_gpio_cfg_default  nrfx_uart.o
    0x0002b2d2   0x0002b2d2   0x00000018   Code   RO         2840    i.nrf_gpio_cfg_default  nrfx_uarte.o
    0x0002b2ea   0x0002b2ea   0x0000001a   Code   RO         2596    i.nrf_gpio_cfg_input  nrfx_uart.o
    0x0002b304   0x0002b304   0x0000001a   Code   RO         2841    i.nrf_gpio_cfg_input  nrfx_uarte.o
    0x0002b31e   0x0002b31e   0x00000018   Code   RO         2597    i.nrf_gpio_cfg_output  nrfx_uart.o
    0x0002b336   0x0002b336   0x00000018   Code   RO         2842    i.nrf_gpio_cfg_output  nrfx_uarte.o
    0x0002b34e   0x0002b34e   0x00000032   Code   RO         2225    i.nrf_gpio_cfg_sense_set  nrfx_gpiote.o
    0x0002b380   0x0002b380   0x00000018   Code   RO         2227    i.nrf_gpio_pin_read  nrfx_gpiote.o
    0x0002b398   0x0002b398   0x00000016   Code   RO         2598    i.nrf_gpio_pin_set  nrfx_uart.o
    0x0002b3ae   0x0002b3ae   0x00000016   Code   RO         2843    i.nrf_gpio_pin_set  nrfx_uarte.o
    0x0002b3c4   0x0002b3c4   0x00000022   Code   RO           24    i.nrf_gpio_pin_toggle  main.o
    0x0002b3e6   0x0002b3e6   0x0000003a   Code   RO          538    i.nrf_gpio_pin_write  boards.o
    0x0002b420   0x0002b420   0x00000028   Code   RO         2229    i.nrf_gpio_ports_read  nrfx_gpiote.o
    0x0002b448   0x0002b448   0x0000000c   Code   RO         2230    i.nrf_gpiote_event_addr_get  nrfx_gpiote.o
    0x0002b454   0x0002b454   0x0000001c   Code   RO         2231    i.nrf_gpiote_event_clear  nrfx_gpiote.o
    0x0002b470   0x0002b470   0x00000016   Code   RO         2232    i.nrf_gpiote_event_is_set  nrfx_gpiote.o
    0x0002b486   0x0002b486   0x00000002   PAD
    0x0002b488   0x0002b488   0x0000000c   Code   RO         2233    i.nrf_gpiote_int_enable  nrfx_gpiote.o
    0x0002b494   0x0002b494   0x00000054   Code   RO         5211    i.nrf_log_backend_add  nrf_log_frontend.o
    0x0002b4e8   0x0002b4e8   0x00000002   Code   RO         5062    i.nrf_log_backend_rtt_flush  nrf_log_backend_rtt.o
    0x0002b4ea   0x0002b4ea   0x00000008   Code   RO         5063    i.nrf_log_backend_rtt_init  nrf_log_backend_rtt.o
    0x0002b4f2   0x0002b4f2   0x00000002   Code   RO         5064    i.nrf_log_backend_rtt_panic_set  nrf_log_backend_rtt.o
    0x0002b4f4   0x0002b4f4   0x00000020   Code   RO         5065    i.nrf_log_backend_rtt_put  nrf_log_backend_rtt.o
    0x0002b514   0x0002b514   0x000000f2   Code   RO         5133    i.nrf_log_backend_serial_put  nrf_log_backend_serial.o
    0x0002b606   0x0002b606   0x00000002   PAD
    0x0002b608   0x0002b608   0x00000038   Code   RO         5213    i.nrf_log_color_id_get  nrf_log_frontend.o
    0x0002b640   0x0002b640   0x00000028   Code   RO         5167    i.nrf_log_default_backends_init  nrf_log_default_backends.o
    0x0002b668   0x0002b668   0x00000318   Code   RO         5214    i.nrf_log_frontend_dequeue  nrf_log_frontend.o
    0x0002b980   0x0002b980   0x00000014   Code   RO         5216    i.nrf_log_frontend_std_0  nrf_log_frontend.o
    0x0002b994   0x0002b994   0x00000018   Code   RO         5217    i.nrf_log_frontend_std_1  nrf_log_frontend.o
    0x0002b9ac   0x0002b9ac   0x00000020   Code   RO         5218    i.nrf_log_frontend_std_2  nrf_log_frontend.o
    0x0002b9cc   0x0002b9cc   0x000000bc   Code   RO         5407    i.nrf_log_hexdump_entry_process  nrf_log_str_formatter.o
    0x0002ba88   0x0002ba88   0x00000058   Code   RO         5223    i.nrf_log_init      nrf_log_frontend.o
    0x0002bae0   0x0002bae0   0x00000014   Code   RO         5224    i.nrf_log_module_cnt_get  nrf_log_frontend.o
    0x0002baf4   0x0002baf4   0x00000024   Code   RO         5228    i.nrf_log_module_name_get  nrf_log_frontend.o
    0x0002bb18   0x0002bb18   0x00000038   Code   RO         5229    i.nrf_log_panic     nrf_log_frontend.o
    0x0002bb50   0x0002bb50   0x000000c8   Code   RO         5408    i.nrf_log_std_entry_process  nrf_log_str_formatter.o
    0x0002bc18   0x0002bc18   0x0000007a   Code   RO         4751    i.nrf_memobj_alloc  nrf_memobj.o
    0x0002bc92   0x0002bc92   0x00000040   Code   RO         4752    i.nrf_memobj_free   nrf_memobj.o
    0x0002bcd2   0x0002bcd2   0x00000010   Code   RO         4753    i.nrf_memobj_get    nrf_memobj.o
    0x0002bce2   0x0002bce2   0x0000000c   Code   RO         4754    i.nrf_memobj_pool_init  nrf_memobj.o
    0x0002bcee   0x0002bcee   0x0000001e   Code   RO         4755    i.nrf_memobj_put    nrf_memobj.o
    0x0002bd0c   0x0002bd0c   0x00000022   Code   RO         4756    i.nrf_memobj_read   nrf_memobj.o
    0x0002bd2e   0x0002bd2e   0x00000022   Code   RO         4757    i.nrf_memobj_write  nrf_memobj.o
    0x0002bd50   0x0002bd50   0x00000040   Code   RO         4830    i.nrf_pwr_mgmt_init  nrf_pwr_mgmt.o
    0x0002bd90   0x0002bd90   0x00000068   Code   RO         4831    i.nrf_pwr_mgmt_run  nrf_pwr_mgmt.o
    0x0002bdf8   0x0002bdf8   0x00000010   Code   RO           25    i.nrf_qwr_error_handler  main.o
    0x0002be08   0x0002be08   0x0000001c   Code   RO         4913    i.nrf_ringbuf_init  nrf_ringbuf.o
    0x0002be24   0x0002be24   0x0000000a   Code   RO         4136    i.nrf_rtc_cc_set    drv_rtc.o
    0x0002be2e   0x0002be2e   0x00000008   Code   RO         4137    i.nrf_rtc_counter_get  drv_rtc.o
    0x0002be36   0x0002be36   0x0000000e   Code   RO         4138    i.nrf_rtc_event_clear  drv_rtc.o
    0x0002be44   0x0002be44   0x00000006   Code   RO         4139    i.nrf_rtc_event_disable  drv_rtc.o
    0x0002be4a   0x0002be4a   0x00000006   Code   RO         4140    i.nrf_rtc_event_enable  drv_rtc.o
    0x0002be50   0x0002be50   0x00000006   Code   RO         4141    i.nrf_rtc_int_disable  drv_rtc.o
    0x0002be56   0x0002be56   0x00000006   Code   RO         4142    i.nrf_rtc_int_enable  drv_rtc.o
    0x0002be5c   0x0002be5c   0x00000006   Code   RO         4143    i.nrf_rtc_task_trigger  drv_rtc.o
    0x0002be62   0x0002be62   0x00000002   PAD
    0x0002be64   0x0002be64   0x00000010   Code   RO         3201    i.nrf_saadc_buffer_init  nrfx_saadc.o
    0x0002be74   0x0002be74   0x00000018   Code   RO         3202    i.nrf_saadc_channel_input_set  nrfx_saadc.o
    0x0002be8c   0x0002be8c   0x00000014   Code   RO         3203    i.nrf_saadc_event_check  nrfx_saadc.o
    0x0002bea0   0x0002bea0   0x00000018   Code   RO         3204    i.nrf_saadc_event_clear  nrfx_saadc.o
    0x0002beb8   0x0002beb8   0x0000000c   Code   RO         3205    i.nrf_saadc_int_disable  nrfx_saadc.o
    0x0002bec4   0x0002bec4   0x0000000c   Code   RO         3206    i.nrf_saadc_int_enable  nrfx_saadc.o
    0x0002bed0   0x0002bed0   0x0000000c   Code   RO         3208    i.nrf_saadc_task_trigger  nrfx_saadc.o
    0x0002bedc   0x0002bedc   0x00000018   Code   RO         5964    i.nrf_sdh_ble_app_ram_start_get  nrf_sdh_ble.o
    0x0002bef4   0x0002bef4   0x000001a0   Code   RO         5965    i.nrf_sdh_ble_default_cfg_set  nrf_sdh_ble.o
    0x0002c094   0x0002c094   0x0000014c   Code   RO         5966    i.nrf_sdh_ble_enable  nrf_sdh_ble.o
    0x0002c1e0   0x0002c1e0   0x00000074   Code   RO         5967    i.nrf_sdh_ble_evts_poll  nrf_sdh_ble.o
    0x0002c254   0x0002c254   0x00000084   Code   RO         5841    i.nrf_sdh_enable_request  nrf_sdh.o
    0x0002c2d8   0x0002c2d8   0x00000030   Code   RO         5842    i.nrf_sdh_evts_poll  nrf_sdh.o
    0x0002c308   0x0002c308   0x0000000c   Code   RO         5843    i.nrf_sdh_is_enabled  nrf_sdh.o
    0x0002c314   0x0002c314   0x00000054   Code   RO         6023    i.nrf_sdh_soc_evts_poll  nrf_sdh_soc.o
    0x0002c368   0x0002c368   0x00000006   Code   RO         5848    i.nrf_section_iter_get  nrf_sdh.o
    0x0002c36e   0x0002c36e   0x00000014   Code   RO         4971    i.nrf_section_iter_init  nrf_section_iter.o
    0x0002c382   0x0002c382   0x0000002e   Code   RO         4972    i.nrf_section_iter_item_set  nrf_section_iter.o
    0x0002c3b0   0x0002c3b0   0x0000002e   Code   RO         4973    i.nrf_section_iter_next  nrf_section_iter.o
    0x0002c3de   0x0002c3de   0x00000028   Code   RO         5006    i.nrf_sortlist_add  nrf_sortlist.o
    0x0002c406   0x0002c406   0x00000008   Code   RO         5008    i.nrf_sortlist_peek  nrf_sortlist.o
    0x0002c40e   0x0002c40e   0x00000018   Code   RO         5009    i.nrf_sortlist_pop  nrf_sortlist.o
    0x0002c426   0x0002c426   0x00000026   Code   RO         5010    i.nrf_sortlist_remove  nrf_sortlist.o
    0x0002c44c   0x0002c44c   0x00000040   Code   RO         3677    i.nrf_strerror_find  nrf_strerror.o
    0x0002c48c   0x0002c48c   0x0000001c   Code   RO         3678    i.nrf_strerror_get  nrf_strerror.o
    0x0002c4a8   0x0002c4a8   0x0000000c   Code   RO         2599    i.nrf_uart_errorsrc_get_and_clear  nrfx_uart.o
    0x0002c4b4   0x0002c4b4   0x0000000e   Code   RO         2600    i.nrf_uart_event_check  nrfx_uart.o
    0x0002c4c2   0x0002c4c2   0x0000000e   Code   RO         2601    i.nrf_uart_event_clear  nrfx_uart.o
    0x0002c4d0   0x0002c4d0   0x0000000a   Code   RO         2602    i.nrf_uart_hwfc_pins_set  nrfx_uart.o
    0x0002c4da   0x0002c4da   0x00000006   Code   RO         2603    i.nrf_uart_int_disable  nrfx_uart.o
    0x0002c4e0   0x0002c4e0   0x00000006   Code   RO         2604    i.nrf_uart_int_enable  nrfx_uart.o
    0x0002c4e6   0x0002c4e6   0x00000012   Code   RO         2605    i.nrf_uart_int_enable_check  nrfx_uart.o
    0x0002c4f8   0x0002c4f8   0x00000006   Code   RO         2606    i.nrf_uart_task_trigger  nrfx_uart.o
    0x0002c4fe   0x0002c4fe   0x0000000a   Code   RO         2607    i.nrf_uart_txrx_pins_set  nrfx_uart.o
    0x0002c508   0x0002c508   0x0000000c   Code   RO         2844    i.nrf_uarte_errorsrc_get_and_clear  nrfx_uarte.o
    0x0002c514   0x0002c514   0x0000000e   Code   RO         2845    i.nrf_uarte_event_check  nrfx_uarte.o
    0x0002c522   0x0002c522   0x0000000e   Code   RO         2846    i.nrf_uarte_event_clear  nrfx_uarte.o
    0x0002c530   0x0002c530   0x0000000c   Code   RO         2847    i.nrf_uarte_hwfc_pins_set  nrfx_uarte.o
    0x0002c53c   0x0002c53c   0x00000006   Code   RO         2848    i.nrf_uarte_int_disable  nrfx_uarte.o
    0x0002c542   0x0002c542   0x00000006   Code   RO         2849    i.nrf_uarte_int_enable  nrfx_uarte.o
    0x0002c548   0x0002c548   0x0000000a   Code   RO         2850    i.nrf_uarte_rx_amount_get  nrfx_uarte.o
    0x0002c552   0x0002c552   0x0000000c   Code   RO         2851    i.nrf_uarte_shorts_disable  nrfx_uarte.o
    0x0002c55e   0x0002c55e   0x00000006   Code   RO         2852    i.nrf_uarte_task_trigger  nrfx_uarte.o
    0x0002c564   0x0002c564   0x0000000a   Code   RO         2853    i.nrf_uarte_tx_amount_get  nrfx_uarte.o
    0x0002c56e   0x0002c56e   0x0000000e   Code   RO         2854    i.nrf_uarte_txrx_pins_set  nrfx_uarte.o
    0x0002c57c   0x0002c57c   0x00000014   Code   RO         2059    i.nrfx_clock_enable  nrfx_clock.o
    0x0002c590   0x0002c590   0x00000024   Code   RO         2062    i.nrfx_clock_init   nrfx_clock.o
    0x0002c5b4   0x0002c5b4   0x00000020   Code   RO         2065    i.nrfx_clock_lfclk_stop  nrfx_clock.o
    0x0002c5d4   0x0002c5d4   0x00000018   Code   RO         4144    i.nrfx_coredep_delay_us  drv_rtc.o
    0x0002c5ec   0x0002c5ec   0x00000008   Code   RO         2067    i.nrfx_get_irq_number  nrfx_clock.o
    0x0002c5f4   0x0002c5f4   0x00000008   Code   RO         2608    i.nrfx_get_irq_number  nrfx_uart.o
    0x0002c5fc   0x0002c5fc   0x00000008   Code   RO         2855    i.nrfx_get_irq_number  nrfx_uarte.o
    0x0002c604   0x0002c604   0x000000ac   Code   RO         2240    i.nrfx_gpiote_in_event_enable  nrfx_gpiote.o
    0x0002c6b0   0x0002c6b0   0x000000f4   Code   RO         2241    i.nrfx_gpiote_in_init  nrfx_gpiote.o
    0x0002c7a4   0x0002c7a4   0x00000014   Code   RO         2242    i.nrfx_gpiote_in_is_set  nrfx_gpiote.o
    0x0002c7b8   0x0002c7b8   0x000000ac   Code   RO         2244    i.nrfx_gpiote_init  nrfx_gpiote.o
    0x0002c864   0x0002c864   0x00000014   Code   RO         2245    i.nrfx_gpiote_is_init  nrfx_gpiote.o
    0x0002c878   0x0002c878   0x00000014   Code   RO         2856    i.nrfx_is_in_ram    nrfx_uarte.o
    0x0002c88c   0x0002c88c   0x000000a4   Code   RO         2068    i.nrfx_power_clock_irq_init  nrfx_clock.o
    0x0002c930   0x0002c930   0x0000004e   Code   RO         2538    i.nrfx_prs_acquire  nrfx_prs.o
    0x0002c97e   0x0002c97e   0x00000016   Code   RO         2539    i.nrfx_prs_release  nrfx_prs.o
    0x0002c994   0x0002c994   0x000000c0   Code   RO         3211    i.nrfx_saadc_buffer_convert  nrfx_saadc.o
    0x0002ca54   0x0002ca54   0x000000d8   Code   RO         3213    i.nrfx_saadc_channel_init  nrfx_saadc.o
    0x0002cb2c   0x0002cb2c   0x000000e8   Code   RO         3215    i.nrfx_saadc_init   nrfx_saadc.o
    0x0002cc14   0x0002cc14   0x00000030   Code   RO         3218    i.nrfx_saadc_sample  nrfx_saadc.o
    0x0002cc44   0x0002cc44   0x00000014   Code   RO         2609    i.nrfx_uart_0_irq_handler  nrfx_uart.o
    0x0002cc58   0x0002cc58   0x00000088   Code   RO         2611    i.nrfx_uart_init    nrfx_uart.o
    0x0002cce0   0x0002cce0   0x00000124   Code   RO         2612    i.nrfx_uart_rx      nrfx_uart.o
    0x0002ce04   0x0002ce04   0x0000008c   Code   RO         2617    i.nrfx_uart_tx      nrfx_uart.o
    0x0002ce90   0x0002ce90   0x00000024   Code   RO         2619    i.nrfx_uart_tx_in_progress  nrfx_uart.o
    0x0002ceb4   0x0002ceb4   0x00000044   Code   RO         2620    i.nrfx_uart_uninit  nrfx_uart.o
    0x0002cef8   0x0002cef8   0x00000014   Code   RO         2857    i.nrfx_uarte_0_irq_handler  nrfx_uarte.o
    0x0002cf0c   0x0002cf0c   0x00000080   Code   RO         2859    i.nrfx_uarte_init   nrfx_uarte.o
    0x0002cf8c   0x0002cf8c   0x00000138   Code   RO         2860    i.nrfx_uarte_rx     nrfx_uarte.o
    0x0002d0c4   0x0002d0c4   0x000000c0   Code   RO         2863    i.nrfx_uarte_tx     nrfx_uarte.o
    0x0002d184   0x0002d184   0x00000020   Code   RO         2865    i.nrfx_uarte_tx_in_progress  nrfx_uarte.o
    0x0002d1a4   0x0002d1a4   0x00000070   Code   RO         2866    i.nrfx_uarte_uninit  nrfx_uarte.o
    0x0002d214   0x0002d214   0x00000078   Code   RO           26    i.on_adv_evt        main.o
    0x0002d28c   0x0002d28c   0x00000014   Code   RO         3860    i.on_compare1_evt   app_timer2.o
    0x0002d2a0   0x0002d2a0   0x00000020   Code   RO         3861    i.on_compare_evt    app_timer2.o
    0x0002d2c0   0x0002d2c0   0x0000002c   Code   RO           27    i.on_conn_params_evt  main.o
    0x0002d2ec   0x0002d2ec   0x00000030   Code   RO          983    i.on_conn_params_update  ble_conn_params.o
    0x0002d31c   0x0002d31c   0x00000070   Code   RO          984    i.on_connect        ble_conn_params.o
    0x0002d38c   0x0002d38c   0x000000d4   Code   RO         1701    i.on_connect        my_ble_uarts.o
    0x0002d460   0x0002d460   0x0000000e   Code   RO         1086    i.on_connected      ble_advertising.o
    0x0002d46e   0x0002d46e   0x00000002   PAD
    0x0002d470   0x0002d470   0x000000c4   Code   RO         1505    i.on_connected_evt  nrf_ble_gatt.o
    0x0002d534   0x0002d534   0x00000054   Code   RO         1506    i.on_data_length_update_evt  nrf_ble_gatt.o
    0x0002d588   0x0002d588   0x00000030   Code   RO         1507    i.on_data_length_update_request_evt  nrf_ble_gatt.o
    0x0002d5b8   0x0002d5b8   0x00000032   Code   RO          985    i.on_disconnect     ble_conn_params.o
    0x0002d5ea   0x0002d5ea   0x00000032   Code   RO         1087    i.on_disconnected   ble_advertising.o
    0x0002d61c   0x0002d61c   0x00000014   Code   RO         1508    i.on_disconnected_evt  nrf_ble_gatt.o
    0x0002d630   0x0002d630   0x000000c8   Code   RO         1509    i.on_exchange_mtu_request_evt  nrf_ble_gatt.o
    0x0002d6f8   0x0002d6f8   0x00000064   Code   RO         1510    i.on_exchange_mtu_rsp_evt  nrf_ble_gatt.o
    0x0002d75c   0x0002d75c   0x000000a0   Code   RO         1702    i.on_hvx_tx_complete  my_ble_uarts.o
    0x0002d7fc   0x0002d7fc   0x0000001c   Code   RO         3862    i.on_overflow_evt   app_timer2.o
    0x0002d818   0x0002d818   0x0000006a   Code   RO         1621    i.on_rw_authorize_request  nrf_ble_qwr.o
    0x0002d882   0x0002d882   0x00000040   Code   RO         1088    i.on_terminated     ble_advertising.o
    0x0002d8c2   0x0002d8c2   0x00000002   Code   RO         1622    i.on_user_mem_release  nrf_ble_qwr.o
    0x0002d8c4   0x0002d8c4   0x00000020   Code   RO         1623    i.on_user_mem_request  nrf_ble_qwr.o
    0x0002d8e4   0x0002d8e4   0x00000058   Code   RO          986    i.on_write          ble_conn_params.o
    0x0002d93c   0x0002d93c   0x000000f4   Code   RO         1703    i.on_write          my_ble_uarts.o
    0x0002da30   0x0002da30   0x00000016   Code   RO         1089    i.phy_is_valid      ble_advertising.o
    0x0002da46   0x0002da46   0x00000002   PAD
    0x0002da48   0x0002da48   0x00000014   Code   RO         2261    i.pin_configured_set  nrfx_gpiote.o
    0x0002da5c   0x0002da5c   0x0000001c   Code   RO         2262    i.pin_in_use_by_gpiote  nrfx_gpiote.o
    0x0002da78   0x0002da78   0x00000018   Code   RO         2263    i.pin_in_use_by_port  nrfx_gpiote.o
    0x0002da90   0x0002da90   0x00000020   Code   RO         2264    i.pin_in_use_by_te  nrfx_gpiote.o
    0x0002dab0   0x0002dab0   0x0000000c   Code   RO         2265    i.pin_in_use_clear  nrfx_gpiote.o
    0x0002dabc   0x0002dabc   0x00000078   Code   RO         2621    i.pins_to_default   nrfx_uart.o
    0x0002db34   0x0002db34   0x0000007e   Code   RO         2867    i.pins_to_default   nrfx_uarte.o
    0x0002dbb2   0x0002dbb2   0x00000002   PAD
    0x0002dbb4   0x0002dbb4   0x00000048   Code   RO         5410    i.postfix_process   nrf_log_str_formatter.o
    0x0002dbfc   0x0002dbfc   0x0000001c   Code   RO           28    i.power_management_init  main.o
    0x0002dc18   0x0002dc18   0x000000a4   Code   RO         5411    i.prefix_process    nrf_log_str_formatter.o
    0x0002dcbc   0x0002dcbc   0x00000018   Code   RO         2540    i.prs_box_get       nrfx_prs.o
    0x0002dcd4   0x0002dcd4   0x00000010   Code   RO         5968    i.ram_end_address_get  nrf_sdh_ble.o
    0x0002dce4   0x0002dce4   0x00000028   Code   RO         1254    i.record_activate   ble_conn_state.o
    0x0002dd0c   0x0002dd0c   0x00000020   Code   RO         1255    i.record_invalidate  ble_conn_state.o
    0x0002dd2c   0x0002dd2c   0x00000048   Code   RO         1256    i.record_purge_disconnected  ble_conn_state.o
    0x0002dd74   0x0002dd74   0x00000014   Code   RO         1257    i.record_set_disconnected  ble_conn_state.o
    0x0002dd88   0x0002dd88   0x0000003e   Code   RO         3863    i.rtc_irq           app_timer2.o
    0x0002ddc6   0x0002ddc6   0x00000002   PAD
    0x0002ddc8   0x0002ddc8   0x0000007c   Code   RO         3864    i.rtc_schedule      app_timer2.o
    0x0002de44   0x0002de44   0x000000a4   Code   RO         3865    i.rtc_update        app_timer2.o
    0x0002dee8   0x0002dee8   0x0000003e   Code   RO         2622    i.rx_byte           nrfx_uart.o
    0x0002df26   0x0002df26   0x0000001c   Code   RO         2623    i.rx_done_event     nrfx_uart.o
    0x0002df42   0x0002df42   0x0000001c   Code   RO         2868    i.rx_done_event     nrfx_uarte.o
    0x0002df5e   0x0002df5e   0x00000022   Code   RO         2624    i.rx_enable         nrfx_uart.o
    0x0002df80   0x0002df80   0x000000ec   Code   RO           29    i.saadc_event_handler  main.o
    0x0002e06c   0x0002e06c   0x00000098   Code   RO         5849    i.sd_nvic_EnableIRQ  nrf_sdh.o
    0x0002e104   0x0002e104   0x00000068   Code   RO         3579    i.sd_nvic_critical_region_enter  app_util_platform.o
    0x0002e16c   0x0002e16c   0x00000068   Code   RO         1849    i.sd_state_evt_handler  nrf_drv_clock.o
    0x0002e1d4   0x0002e1d4   0x0000003c   Code   RO         5850    i.sdh_request_observer_notify  nrf_sdh.o
    0x0002e210   0x0002e210   0x00000034   Code   RO         5851    i.sdh_state_observer_notify  nrf_sdh.o
    0x0002e244   0x0002e244   0x00000018   Code   RO          987    i.send_error_evt    ble_conn_params.o
    0x0002e25c   0x0002e25c   0x00000024   Code   RO          988    i.send_update_request  ble_conn_params.o
    0x0002e280   0x0002e280   0x00000084   Code   RO         5066    i.serial_tx         nrf_log_backend_rtt.o
    0x0002e304   0x0002e304   0x00000096   Code   RO          863    i.service_data_encode  ble_advdata.o
    0x0002e39a   0x0002e39a   0x00000002   PAD
    0x0002e39c   0x0002e39c   0x0000003c   Code   RO           30    i.services_init     main.o
    0x0002e3d8   0x0002e3d8   0x00000030   Code   RO         1090    i.set_adv_mode_directed  ble_advertising.o
    0x0002e408   0x0002e408   0x00000024   Code   RO         1091    i.set_adv_mode_directed_high_duty  ble_advertising.o
    0x0002e42c   0x0002e42c   0x0000005c   Code   RO         1092    i.set_adv_mode_fast  ble_advertising.o
    0x0002e488   0x0002e488   0x0000005c   Code   RO         1093    i.set_adv_mode_slow  ble_advertising.o
    0x0002e4e4   0x0002e4e4   0x000000be   Code   RO         1431    i.set_security_req  ble_srv_common.o
    0x0002e5a2   0x0002e5a2   0x00000002   PAD
    0x0002e5a4   0x0002e5a4   0x0000001c   Code   RO         1850    i.soc_evt_handler   nrf_drv_clock.o
    0x0002e5c0   0x0002e5c0   0x0000001e   Code   RO         5853    i.softdevices_evt_irq_enable  nrf_sdh.o
    0x0002e5de   0x0002e5de   0x00000014   Code   RO         3866    i.sorted_list_stop_all  app_timer2.o
    0x0002e5f2   0x0002e5f2   0x00000002   PAD
    0x0002e5f4   0x0002e5f4   0x00000018   Code   RO         3867    i.sortlist_pop      app_timer2.o
    0x0002e60c   0x0002e60c   0x00000020   Code   RO         3368    i.state_get         app_button.o
    0x0002e62c   0x0002e62c   0x00000048   Code   RO         3369    i.state_set         app_button.o
    0x0002e674   0x0002e674   0x00000064   Code   RO         5231    i.std_header_set    nrf_log_frontend.o
    0x0002e6d8   0x0002e6d8   0x00000070   Code   RO         5232    i.std_n             nrf_log_frontend.o
    0x0002e748   0x0002e748   0x00000074   Code   RO         4708    i.string_print      nrf_fprintf_format.o
    0x0002e7bc   0x0002e7bc   0x00000034   Code   RO           31    i.temperature_data_get  main.o
    0x0002e7f0   0x0002e7f0   0x0000000a   Code   RO         4145    i.ticks_sub         drv_rtc.o
    0x0002e7fa   0x0002e7fa   0x00000002   PAD
    0x0002e7fc   0x0002e7fc   0x0000006c   Code   RO         3868    i.timer_expire      app_timer2.o
    0x0002e868   0x0002e868   0x00000094   Code   RO         3869    i.timer_req_process  app_timer2.o
    0x0002e8fc   0x0002e8fc   0x00000040   Code   RO         3870    i.timer_req_schedule  app_timer2.o
    0x0002e93c   0x0002e93c   0x00000020   Code   RO         3370    i.timer_start       app_button.o
    0x0002e95c   0x0002e95c   0x00000044   Code   RO           32    i.timers_init       main.o
    0x0002e9a0   0x0002e9a0   0x00000002   Code   RO         5412    i.timestamp_print   nrf_log_str_formatter.o
    0x0002e9a2   0x0002e9a2   0x00000036   Code   RO         2625    i.tx_blocking       nrfx_uart.o
    0x0002e9d8   0x0002e9d8   0x00000026   Code   RO         2626    i.tx_byte           nrfx_uart.o
    0x0002e9fe   0x0002e9fe   0x00000020   Code   RO         2627    i.tx_done_event     nrfx_uart.o
    0x0002ea1e   0x0002ea1e   0x00000020   Code   RO         2869    i.tx_done_event     nrfx_uarte.o
    0x0002ea3e   0x0002ea3e   0x00000036   Code   RO          864    i.tx_power_level_encode  ble_advdata.o
    0x0002ea74   0x0002ea74   0x0000005c   Code   RO           33    i.uart_config       main.o
    0x0002ead0   0x0002ead0   0x000000cc   Code   RO           34    i.uart_event_handle  main.o
    0x0002eb9c   0x0002eb9c   0x000000e4   Code   RO         4017    i.uart_event_handler  app_uart_fifo.o
    0x0002ec80   0x0002ec80   0x00000038   Code   RO         1997    i.uart_evt_handler  nrf_drv_uart.o
    0x0002ecb8   0x0002ecb8   0x0000014e   Code   RO         2628    i.uart_irq_handler  nrfx_uart.o
    0x0002ee06   0x0002ee06   0x00000002   PAD
    0x0002ee08   0x0002ee08   0x00000024   Code   RO           35    i.uart_reconfig     main.o
    0x0002ee2c   0x0002ee2c   0x00000038   Code   RO         1998    i.uarte_evt_handler  nrf_drv_uart.o
    0x0002ee64   0x0002ee64   0x00000134   Code   RO         2870    i.uarte_irq_handler  nrfx_uarte.o
    0x0002ef98   0x0002ef98   0x0000000c   Code   RO         1432    i.uint16_decode     ble_srv_common.o
    0x0002efa4   0x0002efa4   0x0000000c   Code   RO          865    i.uint16_encode     ble_advdata.o
    0x0002efb0   0x0002efb0   0x000000b8   Code   RO         4709    i.unsigned_print    nrf_fprintf_format.o
    0x0002f068   0x0002f068   0x00000074   Code   RO          989    i.update_timeout_handler  ble_conn_params.o
    0x0002f0dc   0x0002f0dc   0x0000001e   Code   RO         1094    i.use_whitelist     ble_advertising.o
    0x0002f0fa   0x0002f0fa   0x0000002c   Code   RO         1624    i.user_mem_reply    nrf_ble_qwr.o
    0x0002f126   0x0002f126   0x0000001e   Code   RO         3371    i.usr_event         app_button.o
    0x0002f144   0x0002f144   0x0000004e   Code   RO          866    i.uuid_list_encode  ble_advdata.o
    0x0002f192   0x0002f192   0x000000d6   Code   RO          867    i.uuid_list_sized_encode  ble_advdata.o
    0x0002f268   0x0002f268   0x00000008   Code   RO         1095    i.whitelist_has_entries  ble_advertising.o
    0x0002f270   0x0002f270   0x00000029   Data   RO           38    .constdata          main.o
    0x0002f299   0x0002f299   0x00000008   Data   RO          539    .constdata          boards.o
    0x0002f2a1   0x0002f2a1   0x00000003   PAD
    0x0002f2a4   0x0002f2a4   0x0000002c   Data   RO          694    .constdata          bsp.o
    0x0002f2d0   0x0002f2d0   0x00000016   Data   RO         1511    .constdata          nrf_ble_gatt.o
    0x0002f2e6   0x0002f2e6   0x00000002   PAD
    0x0002f2e8   0x0002f2e8   0x00000010   Data   RO         1790    .constdata          my_ble_voltage.o
    0x0002f2f8   0x0002f2f8   0x0000003e   Data   RO         2267    .constdata          nrfx_gpiote.o
    0x0002f336   0x0002f336   0x00000002   PAD
    0x0002f338   0x0002f338   0x0000002e   Data   RO         2630    .constdata          nrfx_uart.o
    0x0002f366   0x0002f366   0x00000002   PAD
    0x0002f368   0x0002f368   0x00000030   Data   RO         2872    .constdata          nrfx_uarte.o
    0x0002f398   0x0002f398   0x00000007   Data   RO         3373    .constdata          app_button.o
    0x0002f39f   0x0002f39f   0x00000001   PAD
    0x0002f3a0   0x0002f3a0   0x0000013c   Data   RO         3679    .constdata          nrf_strerror.o
    0x0002f4dc   0x0002f4dc   0x00000014   Data   RO         3872    .constdata          app_timer2.o
    0x0002f4f0   0x0002f4f0   0x00000020   Data   RO         4019    .constdata          app_uart_fifo.o
    0x0002f510   0x0002f510   0x00000006   Data   RO         4146    .constdata          drv_rtc.o
    0x0002f516   0x0002f516   0x00000010   Data   RO         4710    .constdata          nrf_fprintf_format.o
    0x0002f526   0x0002f526   0x00000002   PAD
    0x0002f528   0x0002f528   0x00000024   Data   RO         4835    .constdata          nrf_pwr_mgmt.o
    0x0002f54c   0x0002f54c   0x00000004   PAD
    0x0002f550   0x0002f550   0x00000016   Data   RO         5068    .constdata          nrf_log_backend_rtt.o
    0x0002f566   0x0002f566   0x00000002   PAD
    0x0002f568   0x0002f568   0x0000000c   Data   RO         5234    .constdata          nrf_log_frontend.o
    0x0002f574   0x0002f574   0x00000058   Data   RO         5854    .constdata          nrf_sdh.o
    0x0002f5cc   0x0002f5cc   0x00000030   Data   RO         5969    .constdata          nrf_sdh_ble.o
    0x0002f5fc   0x0002f5fc   0x0000001c   Data   RO         6024    .constdata          nrf_sdh_soc.o
    0x0002f618   0x0002f618   0x00000081   Data   RO         6165    .constdata          mc_w.l(ctype_o.o)
    0x0002f699   0x0002f699   0x00000003   PAD
    0x0002f69c   0x0002f69c   0x00000004   Data   RO         6166    .constdata          mc_w.l(ctype_o.o)
    0x0002f6a0   0x0002f6a0   0x000000a2   Data   RO         1512    .conststring        nrf_ble_gatt.o
    0x0002f742   0x0002f742   0x00000002   PAD
    0x0002f744   0x0002f744   0x000003eb   Data   RO         3680    .conststring        nrf_strerror.o
    0x0002fb2f   0x0002fb2f   0x00000001   PAD
    0x0002fb30   0x0002fb30   0x00000066   Data   RO         5413    .conststring        nrf_log_str_formatter.o
    0x0002fb96   0x0002fb96   0x00000002   PAD
    0x0002fb98   0x0002fb98   0x000001cf   Data   RO         5970    .conststring        nrf_sdh_ble.o
    0x0002fd67   0x0002fd67   0x00000001   PAD
    0x0002fd68   0x0002fd68   0x0000000d   Data   RO         1513    .conststrlit        nrf_ble_gatt.o
    0x0002fd75   0x0002fd75   0x00000003   PAD
    0x0002fd78   0x0002fd78   0x00000006   Data   RO         1853    .conststrlit        nrf_drv_clock.o
    0x0002fd7e   0x0002fd7e   0x00000002   PAD
    0x0002fd80   0x0002fd80   0x00000006   Data   RO         2070    .conststrlit        nrfx_clock.o
    0x0002fd86   0x0002fd86   0x00000002   PAD
    0x0002fd88   0x0002fd88   0x00000007   Data   RO         2268    .conststrlit        nrfx_gpiote.o
    0x0002fd8f   0x0002fd8f   0x00000001   PAD
    0x0002fd90   0x0002fd90   0x00000004   Data   RO         2542    .conststrlit        nrfx_prs.o
    0x0002fd94   0x0002fd94   0x00000005   Data   RO         2631    .conststrlit        nrfx_uart.o
    0x0002fd99   0x0002fd99   0x00000003   PAD
    0x0002fd9c   0x0002fd9c   0x00000006   Data   RO         2873    .conststrlit        nrfx_uarte.o
    0x0002fda2   0x0002fda2   0x00000002   PAD
    0x0002fda4   0x0002fda4   0x00000006   Data   RO         3224    .conststrlit        nrfx_saadc.o
    0x0002fdaa   0x0002fdaa   0x00000002   PAD
    0x0002fdac   0x0002fdac   0x0000000b   Data   RO         3374    .conststrlit        app_button.o
    0x0002fdb7   0x0002fdb7   0x00000001   PAD
    0x0002fdb8   0x0002fdb8   0x0000000a   Data   RO         3873    .conststrlit        app_timer2.o
    0x0002fdc2   0x0002fdc2   0x00000002   PAD
    0x0002fdc4   0x0002fdc4   0x00000009   Data   RO         4836    .conststrlit        nrf_pwr_mgmt.o
    0x0002fdcd   0x0002fdcd   0x00000003   PAD
    0x0002fdd0   0x0002fdd0   0x00000009   Data   RO         5011    .conststrlit        nrf_sortlist.o
    0x0002fdd9   0x0002fdd9   0x00000003   PAD
    0x0002fddc   0x0002fddc   0x00000010   Data   RO         5168    .conststrlit        nrf_log_default_backends.o
    0x0002fdec   0x0002fdec   0x00000004   Data   RO         5235    .conststrlit        nrf_log_frontend.o
    0x0002fdf0   0x0002fdf0   0x00000008   Data   RO         5855    .conststrlit        nrf_sdh.o
    0x0002fdf8   0x0002fdf8   0x0000000c   Data   RO         5971    .conststrlit        nrf_sdh_ble.o
    0x0002fe04   0x0002fe04   0x0000000c   Data   RO         6025    .conststrlit        nrf_sdh_soc.o
    0x0002fe10   0x0002fe10   0x00000020   Data   RO         6506    Region$$Table       anon$$obj.o
    0x0002fe30   0x0002fe30   0x00000010   Data   RO         5170    log_backends        nrf_log_default_backends.o
    0x0002fe40   0x0002fe40   0x00000008   Data   RO         1514    log_const_data      nrf_ble_gatt.o
    0x0002fe48   0x0002fe48   0x00000008   Data   RO         1854    log_const_data      nrf_drv_clock.o
    0x0002fe50   0x0002fe50   0x00000008   Data   RO         2072    log_const_data      nrfx_clock.o
    0x0002fe58   0x0002fe58   0x00000008   Data   RO         2269    log_const_data      nrfx_gpiote.o
    0x0002fe60   0x0002fe60   0x00000008   Data   RO         2544    log_const_data      nrfx_prs.o
    0x0002fe68   0x0002fe68   0x00000008   Data   RO         2632    log_const_data      nrfx_uart.o
    0x0002fe70   0x0002fe70   0x00000008   Data   RO         2874    log_const_data      nrfx_uarte.o
    0x0002fe78   0x0002fe78   0x00000008   Data   RO         3225    log_const_data      nrfx_saadc.o
    0x0002fe80   0x0002fe80   0x00000008   Data   RO         3376    log_const_data      app_button.o
    0x0002fe88   0x0002fe88   0x00000008   Data   RO         3875    log_const_data      app_timer2.o
    0x0002fe90   0x0002fe90   0x00000008   Data   RO         4838    log_const_data      nrf_pwr_mgmt.o
    0x0002fe98   0x0002fe98   0x00000008   Data   RO         5012    log_const_data      nrf_sortlist.o
    0x0002fea0   0x0002fea0   0x00000008   Data   RO         5237    log_const_data      nrf_log_frontend.o
    0x0002fea8   0x0002fea8   0x00000008   Data   RO         5857    log_const_data      nrf_sdh.o
    0x0002feb0   0x0002feb0   0x00000008   Data   RO         5973    log_const_data      nrf_sdh_ble.o
    0x0002feb8   0x0002feb8   0x00000008   Data   RO         6026    log_const_data      nrf_sdh_soc.o
    0x0002fec0   0x0002fec0   0x00000014   Data   RO         5238    nrf_balloc          nrf_log_frontend.o
    0x0002fed4   0x0002fed4   0x00000008   Data   RO         1260    sdh_ble_observers0  ble_conn_state.o
    0x0002fedc   0x0002fedc   0x00000010   Data   RO           40    sdh_ble_observers1  main.o
    0x0002feec   0x0002feec   0x00000008   Data   RO          992    sdh_ble_observers1  ble_conn_params.o
    0x0002fef4   0x0002fef4   0x00000020   Data   RO           41    sdh_ble_observers2  main.o
    0x0002ff14   0x0002ff14   0x00000008   Data   RO           42    sdh_ble_observers3  main.o
    0x0002ff1c   0x0002ff1c   0x00000008   Data   RO         1855    sdh_soc_observers0  nrf_drv_clock.o
    0x0002ff24   0x0002ff24   0x00000008   Data   RO         5974    sdh_stack_observers0  nrf_sdh_ble.o
    0x0002ff2c   0x0002ff2c   0x00000008   Data   RO         6027    sdh_stack_observers0  nrf_sdh_soc.o
    0x0002ff34   0x0002ff34   0x00000008   Data   RO         1856    sdh_state_observers0  nrf_drv_clock.o


    Execution Region RW_IRAM1 (Exec base: 0x20002ad8, Load base: 0x0002ff3c, Size: 0x00003480, Max: 0x0000d528, ABSOLUTE, COMPRESSED[0x00000070])

    Exec Addr    Load Addr    Size         Type   Attr      Idx    E Section Name        Object

    0x20002ad8   COMPRESSED   0x00000068   Data   RW           39    .data               main.o
    0x20002b40   COMPRESSED   0x00000015   Data   RW          695    .data               bsp.o
    0x20002b55   COMPRESSED   0x00000001   PAD
    0x20002b56   COMPRESSED   0x00000008   Data   RW          991    .data               ble_conn_params.o
    0x20002b5e   COMPRESSED   0x00000002   PAD
    0x20002b60   COMPRESSED   0x00000009   Data   RW         1999    .data               nrf_drv_uart.o
    0x20002b69   COMPRESSED   0x00000003   PAD
    0x20002b6c   COMPRESSED   0x00000008   Data   RW         2071    .data               nrfx_clock.o
    0x20002b74   COMPRESSED   0x00000008   Data   RW         2543    .data               nrfx_prs.o
    0x20002b7c   COMPRESSED   0x00000004   PAD
    0x20002b80   COMPRESSED   0x00000018   Data   RW         3375    .data               app_button.o
    0x20002b98   COMPRESSED   0x00000024   Data   RW         3874    .data               app_timer2.o
    0x20002bbc   COMPRESSED   0x0000001b   Data   RW         4020    .data               app_uart_fifo.o
    0x20002bd7   COMPRESSED   0x00000001   PAD
    0x20002bd8   COMPRESSED   0x0000000c   Data   RW         4147    .data               drv_rtc.o
    0x20002be4   COMPRESSED   0x00000009   Data   RW         4837    .data               nrf_pwr_mgmt.o
    0x20002bed   COMPRESSED   0x00000001   Data   RW         5069    .data               nrf_log_backend_rtt.o
    0x20002bee   COMPRESSED   0x00000002   PAD
    0x20002bf0   COMPRESSED   0x00000008   Data   RW         5169    .data               nrf_log_default_backends.o
    0x20002bf8   COMPRESSED   0x00000010   Data   RW         5236    .data               nrf_log_frontend.o
    0x20002c08   COMPRESSED   0x00000040   Data   RW         5414    .data               nrf_log_str_formatter.o
    0x20002c48   COMPRESSED   0x00000003   Data   RW         5856    .data               nrf_sdh.o
    0x20002c4b   COMPRESSED   0x00000001   Data   RW         5972    .data               nrf_sdh_ble.o
    0x20002c4c   COMPRESSED   0x00000004   Data   RW         6077    .data               system_nrf52.o
    0x20002c50        -       0x000007bc   Zero   RW           37    .bss                main.o
    0x2000340c   COMPRESSED   0x00000004   PAD
    0x20003410        -       0x00000070   Zero   RW          693    .bss                bsp.o
    0x20003480        -       0x00000050   Zero   RW          990    .bss                ble_conn_params.o
    0x200034d0        -       0x0000007c   Zero   RW         1259    .bss                ble_conn_state.o
    0x2000354c        -       0x00000014   Zero   RW         1851    .bss                nrf_drv_clock.o
    0x20003560        -       0x0000005c   Zero   RW         2266    .bss                nrfx_gpiote.o
    0x200035bc        -       0x0000002c   Zero   RW         2629    .bss                nrfx_uart.o
    0x200035e8        -       0x00000024   Zero   RW         2871    .bss                nrfx_uarte.o
    0x2000360c        -       0x00000030   Zero   RW         3222    .bss                nrfx_saadc.o
    0x2000363c   COMPRESSED   0x00000004   PAD
    0x20003640        -       0x00000030   Zero   RW         3372    .bss                app_button.o
    0x20003670        -       0x0000000c   Zero   RW         3580    .bss                app_util_platform.o
    0x2000367c        -       0x00000068   Zero   RW         3871    .bss                app_timer2.o
    0x200036e4        -       0x00000020   Zero   RW         4018    .bss                app_uart_fifo.o
    0x20003704        -       0x0000000c   Zero   RW         4834    .bss                nrf_pwr_mgmt.o
    0x20003710        -       0x00000040   Zero   RW         5067    .bss                nrf_log_backend_rtt.o
    0x20003750        -       0x0000057c   Zero   RW         5233    .bss                nrf_log_frontend.o
    0x20003ccc        -       0x00000288   Zero   RW         5512    .bss                segger_rtt.o
    0x20003f54   COMPRESSED   0x00000004   PAD
    0x20003f58        -       0x00002000   Zero   RW         6054    STACK               arm_startup_nrf52.o


==============================================================================

Image component sizes


      Code (inc. data)   RO Data    RW Data    ZI Data      Debug   Object Name

       838        102         26         24         48      21382   app_button.o
        28          0          0          0          0       2337   app_error.o
       192         46          0          0          0      30685   app_error_weak.o
       170          0          0          0          0       5570   app_fifo.o
      1122        124         38         36        104      17509   app_timer2.o
       730        100         32         27         32      20600   app_uart_fifo.o
       200         24          0          0         12      10186   app_util_platform.o
        36          8        512          0       8192        888   arm_startup_nrf52.o
      1756          0          0          0          0      54676   ble_advdata.o
      1588          6          0          0          0      21848   ble_advertising.o
       936         56          8          8         80      11087   ble_conn_params.o
       486         32          8          0        124       8600   ble_conn_state.o
       108          0          0          0          0       1456   ble_link_ctx_manager.o
       676          6          0          0          0      40789   ble_srv_common.o
       428         30          8          0          0      84582   boards.o
      1494        124         44         21        112      12324   bsp.o
       990         98          6         12          0      49141   drv_rtc.o
      3018        434         97        104       1980     203946   main.o
       194         36          0          0          0       2393   my_ble_buttons.o
       806        218          0          0          0       5041   my_ble_uarts.o
       362         58         16          0          0       3264   my_ble_voltage.o
       352          0          0          0          0       5545   nrf_atfifo.o
        90          0          0          0          0       2832   nrf_atflags.o
       386          0          0          0          0       7447   nrf_atomic.o
       218          0          0          0          0       3547   nrf_balloc.o
      1248        280        205          0          0      39029   nrf_ble_gatt.o
       390          0          0          0          0       5733   nrf_ble_qwr.o
       364         48         30          0         20      38016   nrf_drv_clock.o
       252         42          0          9          0      17160   nrf_drv_uart.o
        70          0          0          0          0       3329   nrf_fprintf.o
      1030          6         16          0          0       6826   nrf_fprintf_format.o
       176         16         22          1         64       6389   nrf_log_backend_rtt.o
       242          0          0          0          0      10641   nrf_log_backend_serial.o
        40          6         32          8          0       3129   nrf_log_default_backends.o
      2082        134         44         16       1404      29742   nrf_log_frontend.o
       626        112        102         64          0       5592   nrf_log_str_formatter.o
       514          0          0          0          0       9163   nrf_memobj.o
       168         22         53          9         12      37782   nrf_pwr_mgmt.o
        28          0          0          0          0       2139   nrf_ringbuf.o
       556         56        104          3          0      38093   nrf_sdh.o
       904        240        539          1          0       6103   nrf_sdh_ble.o
        84          4         56          0          0       2484   nrf_sdh_soc.o
       112          0          0          0          0       2572   nrf_section_iter.o
       110          0         17          0          0       3677   nrf_sortlist.o
        92         10       1319          0          0       2511   nrf_strerror.o
       400         34         14          8          0      44636   nrfx_clock.o
      1744        112         77          0         92      62854   nrfx_gpiote.o
       140         14         12          8          0       4204   nrfx_prs.o
      1268         78         14          0         48      19065   nrfx_saadc.o
      1946         60         59          0         44      36388   nrfx_uart.o
      1914         58         62          0         36      32319   nrfx_uarte.o
       470         44          0          0        648       7981   segger_rtt.o
      1372        142          0          4          0       8107   system_nrf52.o

    ----------------------------------------------------------------------
     35596       3020       3652        376      13064    1113339   Object Totals
         0          0         32          0          0          0   (incl. Generated)
        50          0         48         13         12          0   (incl. Padding)

    ----------------------------------------------------------------------

      Code (inc. data)   RO Data    RW Data    ZI Data      Debug   Library Member Name

        86          0          0          0          0          0   __dczerorl2.o
         8          4        133          0          0         68   ctype_o.o
         0          0          0          0          0          0   entry.o
         0          0          0          0          0          0   entry10a.o
         0          0          0          0          0          0   entry11a.o
         4          0          0          0          0          0   entry12b.o
         8          4          0          0          0          0   entry2.o
         4          0          0          0          0          0   entry5.o
         0          0          0          0          0          0   entry7b.o
         0          0          0          0          0          0   entry8b.o
         8          4          0          0          0          0   entry9a.o
        30          0          0          0          0          0   handlers.o
        36          8          0          0          0         68   init.o
        30          0          0          0          0         68   llshl.o
        32          0          0          0          0         68   llushr.o
        36          0          0          0          0         68   memcpya.o
        36          0          0          0          0        108   memseta.o
       884         10          0          0          0        420   printf6.o
        18          0          0          0          0         68   strcpy.o
        14          0          0          0          0         68   strlen.o
        44          0          0          0          0         80   uidiv.o
        98          0          0          0          0         92   uldiv.o

    ----------------------------------------------------------------------
      1380         30        136          0          0       1176   Library Totals
         4          0          3          0          0          0   (incl. Padding)

    ----------------------------------------------------------------------

      Code (inc. data)   RO Data    RW Data    ZI Data      Debug   Library Name

      1376         30        133          0          0       1176   mc_w.l

    ----------------------------------------------------------------------
      1380         30        136          0          0       1176   Library Totals

    ----------------------------------------------------------------------

==============================================================================


      Code (inc. data)   RO Data    RW Data    ZI Data      Debug   

     36976       3050       3788        376      13064    1069079   Grand Totals
     36976       3050       3788        112      13064    1069079   ELF Image Totals (compressed)
     36976       3050       3788        112          0          0   ROM Totals

==============================================================================

    Total RO  Size (Code + RO Data)                40764 (  39.81kB)
    Total RW  Size (RW Data + ZI Data)             13440 (  13.13kB)
    Total ROM Size (Code + RO Data + RW Data)      40876 (  39.92kB)

==============================================================================

